main.c:84:5:main	32	static
main.c:175:6:SystemClock_Config	72	static
main.c:211:13:MX_TIM2_Init	32	static
main.c:256:13:MX_GPIO_Init	32	static
main.c:305:6:HAL_TIM_PeriodElapsedCallback	16	static
main.c:309:6:display7SEG	296	static
main.c:332:6:update_display	16	static
main.c:381:6:updateLEDMatrix	16	static
main.c:444:6:display_row	24	static
main.c:451:6:set_row	16	static
main.c:458:6:reset_all_row	16	static
main.c:464:6:update_LED_buffer	24	static
main.c:470:6:reset_buffer	16	static
main.c:476:6:init_clock	8	static
main.c:483:6:update_clock_buffer	16	static
main.c:511:6:Error_Handler	4	static,ignoring_inline_asm
