10:29:24 **** Build of configuration Debug for project LAB2 ****
make -j12 all 
arm-none-eabi-gcc "../Drivers/STM32F1xx_HAL_Driver/Src/stm32f1xx_hal.c" -mcpu=cortex-m3 -std=gnu11 -g3 -DDEBUG -DUSE_HAL_DRIVER -DSTM32F103x6 -c -I../Core/Inc -I../Drivers/STM32F1xx_HAL_Driver/Inc -I../Drivers/STM32F1xx_HAL_Driver/Inc/Legacy -I../Drivers/CMSIS/Device/ST/STM32F1xx/Include -I../Drivers/CMSIS/Include -O0 -ffunction-sections -fdata-sections -Wall -fstack-usage -MMD -MP -MF"Drivers/STM32F1xx_HAL_Driver/Src/stm32f1xx_hal.d" -MT"Drivers/STM32F1xx_HAL_Driver/Src/stm32f1xx_hal.o" --specs=nano.specs -mfloat-abi=soft -mthumb -o "Drivers/STM32F1xx_HAL_Driver/Src/stm32f1xx_hal.o"
arm-none-eabi-gcc "../Drivers/STM32F1xx_HAL_Driver/Src/stm32f1xx_hal_cortex.c" -mcpu=cortex-m3 -std=gnu11 -g3 -DDEBUG -DUSE_HAL_DRIVER -DSTM32F103x6 -c -I../Core/Inc -I../Drivers/STM32F1xx_HAL_Driver/Inc -I../Drivers/STM32F1xx_HAL_Driver/Inc/Legacy -I../Drivers/CMSIS/Device/ST/STM32F1xx/Include -I../Drivers/CMSIS/Include -O0 -ffunction-sections -fdata-sections -Wall -fstack-usage -MMD -MP -MF"Drivers/STM32F1xx_HAL_Driver/Src/stm32f1xx_hal_cortex.d" -MT"Drivers/STM32F1xx_HAL_Driver/Src/stm32f1xx_hal_cortex.o" --specs=nano.specs -mfloat-abi=soft -mthumb -o "Drivers/STM32F1xx_HAL_Driver/Src/stm32f1xx_hal_cortex.o"
arm-none-eabi-gcc "../Drivers/STM32F1xx_HAL_Driver/Src/stm32f1xx_hal_dma.c" -mcpu=cortex-m3 -std=gnu11 -g3 -DDEBUG -DUSE_HAL_DRIVER -DSTM32F103x6 -c -I../Core/Inc -I../Drivers/STM32F1xx_HAL_Driver/Inc -I../Drivers/STM32F1xx_HAL_Driver/Inc/Legacy -I../Drivers/CMSIS/Device/ST/STM32F1xx/Include -I../Drivers/CMSIS/Include -O0 -ffunction-sections -fdata-sections -Wall -fstack-usage -MMD -MP -MF"Drivers/STM32F1xx_HAL_Driver/Src/stm32f1xx_hal_dma.d" -MT"Drivers/STM32F1xx_HAL_Driver/Src/stm32f1xx_hal_dma.o" --specs=nano.specs -mfloat-abi=soft -mthumb -o "Drivers/STM32F1xx_HAL_Driver/Src/stm32f1xx_hal_dma.o"
arm-none-eabi-gcc "../Drivers/STM32F1xx_HAL_Driver/Src/stm32f1xx_hal_exti.c" -mcpu=cortex-m3 -std=gnu11 -g3 -DDEBUG -DUSE_HAL_DRIVER -DSTM32F103x6 -c -I../Core/Inc -I../Drivers/STM32F1xx_HAL_Driver/Inc -I../Drivers/STM32F1xx_HAL_Driver/Inc/Legacy -I../Drivers/CMSIS/Device/ST/STM32F1xx/Include -I../Drivers/CMSIS/Include -O0 -ffunction-sections -fdata-sections -Wall -fstack-usage -MMD -MP -MF"Drivers/STM32F1xx_HAL_Driver/Src/stm32f1xx_hal_exti.d" -MT"Drivers/STM32F1xx_HAL_Driver/Src/stm32f1xx_hal_exti.o" --specs=nano.specs -mfloat-abi=soft -mthumb -o "Drivers/STM32F1xx_HAL_Driver/Src/stm32f1xx_hal_exti.o"
arm-none-eabi-gcc "../Drivers/STM32F1xx_HAL_Driver/Src/stm32f1xx_hal_flash.c" -mcpu=cortex-m3 -std=gnu11 -g3 -DDEBUG -DUSE_HAL_DRIVER -DSTM32F103x6 -c -I../Core/Inc -I../Drivers/STM32F1xx_HAL_Driver/Inc -I../Drivers/STM32F1xx_HAL_Driver/Inc/Legacy -I../Drivers/CMSIS/Device/ST/STM32F1xx/Include -I../Drivers/CMSIS/Include -O0 -ffunction-sections -fdata-sections -Wall -fstack-usage -MMD -MP -MF"Drivers/STM32F1xx_HAL_Driver/Src/stm32f1xx_hal_flash.d" -MT"Drivers/STM32F1xx_HAL_Driver/Src/stm32f1xx_hal_flash.o" --specs=nano.specs -mfloat-abi=soft -mthumb -o "Drivers/STM32F1xx_HAL_Driver/Src/stm32f1xx_hal_flash.o"
arm-none-eabi-gcc "../Drivers/STM32F1xx_HAL_Driver/Src/stm32f1xx_hal_flash_ex.c" -mcpu=cortex-m3 -std=gnu11 -g3 -DDEBUG -DUSE_HAL_DRIVER -DSTM32F103x6 -c -I../Core/Inc -I../Drivers/STM32F1xx_HAL_Driver/Inc -I../Drivers/STM32F1xx_HAL_Driver/Inc/Legacy -I../Drivers/CMSIS/Device/ST/STM32F1xx/Include -I../Drivers/CMSIS/Include -O0 -ffunction-sections -fdata-sections -Wall -fstack-usage -MMD -MP -MF"Drivers/STM32F1xx_HAL_Driver/Src/stm32f1xx_hal_flash_ex.d" -MT"Drivers/STM32F1xx_HAL_Driver/Src/stm32f1xx_hal_flash_ex.o" --specs=nano.specs -mfloat-abi=soft -mthumb -o "Drivers/STM32F1xx_HAL_Driver/Src/stm32f1xx_hal_flash_ex.o"
arm-none-eabi-gcc "../Drivers/STM32F1xx_HAL_Driver/Src/stm32f1xx_hal_gpio.c" -mcpu=cortex-m3 -std=gnu11 -g3 -DDEBUG -DUSE_HAL_DRIVER -DSTM32F103x6 -c -I../Core/Inc -I../Drivers/STM32F1xx_HAL_Driver/Inc -I../Drivers/STM32F1xx_HAL_Driver/Inc/Legacy -I../Drivers/CMSIS/Device/ST/STM32F1xx/Include -I../Drivers/CMSIS/Include -O0 -ffunction-sections -fdata-sections -Wall -fstack-usage -MMD -MP -MF"Drivers/STM32F1xx_HAL_Driver/Src/stm32f1xx_hal_gpio.d" -MT"Drivers/STM32F1xx_HAL_Driver/Src/stm32f1xx_hal_gpio.o" --specs=nano.specs -mfloat-abi=soft -mthumb -o "Drivers/STM32F1xx_HAL_Driver/Src/stm32f1xx_hal_gpio.o"
arm-none-eabi-gcc "../Drivers/STM32F1xx_HAL_Driver/Src/stm32f1xx_hal_gpio_ex.c" -mcpu=cortex-m3 -std=gnu11 -g3 -DDEBUG -DUSE_HAL_DRIVER -DSTM32F103x6 -c -I../Core/Inc -I../Drivers/STM32F1xx_HAL_Driver/Inc -I../Drivers/STM32F1xx_HAL_Driver/Inc/Legacy -I../Drivers/CMSIS/Device/ST/STM32F1xx/Include -I../Drivers/CMSIS/Include -O0 -ffunction-sections -fdata-sections -Wall -fstack-usage -MMD -MP -MF"Drivers/STM32F1xx_HAL_Driver/Src/stm32f1xx_hal_gpio_ex.d" -MT"Drivers/STM32F1xx_HAL_Driver/Src/stm32f1xx_hal_gpio_ex.o" --specs=nano.specs -mfloat-abi=soft -mthumb -o "Drivers/STM32F1xx_HAL_Driver/Src/stm32f1xx_hal_gpio_ex.o"
arm-none-eabi-gcc "../Drivers/STM32F1xx_HAL_Driver/Src/stm32f1xx_hal_pwr.c" -mcpu=cortex-m3 -std=gnu11 -g3 -DDEBUG -DUSE_HAL_DRIVER -DSTM32F103x6 -c -I../Core/Inc -I../Drivers/STM32F1xx_HAL_Driver/Inc -I../Drivers/STM32F1xx_HAL_Driver/Inc/Legacy -I../Drivers/CMSIS/Device/ST/STM32F1xx/Include -I../Drivers/CMSIS/Include -O0 -ffunction-sections -fdata-sections -Wall -fstack-usage -MMD -MP -MF"Drivers/STM32F1xx_HAL_Driver/Src/stm32f1xx_hal_pwr.d" -MT"Drivers/STM32F1xx_HAL_Driver/Src/stm32f1xx_hal_pwr.o" --specs=nano.specs -mfloat-abi=soft -mthumb -o "Drivers/STM32F1xx_HAL_Driver/Src/stm32f1xx_hal_pwr.o"
arm-none-eabi-gcc "../Drivers/STM32F1xx_HAL_Driver/Src/stm32f1xx_hal_rcc.c" -mcpu=cortex-m3 -std=gnu11 -g3 -DDEBUG -DUSE_HAL_DRIVER -DSTM32F103x6 -c -I../Core/Inc -I../Drivers/STM32F1xx_HAL_Driver/Inc -I../Drivers/STM32F1xx_HAL_Driver/Inc/Legacy -I../Drivers/CMSIS/Device/ST/STM32F1xx/Include -I../Drivers/CMSIS/Include -O0 -ffunction-sections -fdata-sections -Wall -fstack-usage -MMD -MP -MF"Drivers/STM32F1xx_HAL_Driver/Src/stm32f1xx_hal_rcc.d" -MT"Drivers/STM32F1xx_HAL_Driver/Src/stm32f1xx_hal_rcc.o" --specs=nano.specs -mfloat-abi=soft -mthumb -o "Drivers/STM32F1xx_HAL_Driver/Src/stm32f1xx_hal_rcc.o"
arm-none-eabi-gcc "../Drivers/STM32F1xx_HAL_Driver/Src/stm32f1xx_hal_rcc_ex.c" -mcpu=cortex-m3 -std=gnu11 -g3 -DDEBUG -DUSE_HAL_DRIVER -DSTM32F103x6 -c -I../Core/Inc -I../Drivers/STM32F1xx_HAL_Driver/Inc -I../Drivers/STM32F1xx_HAL_Driver/Inc/Legacy -I../Drivers/CMSIS/Device/ST/STM32F1xx/Include -I../Drivers/CMSIS/Include -O0 -ffunction-sections -fdata-sections -Wall -fstack-usage -MMD -MP -MF"Drivers/STM32F1xx_HAL_Driver/Src/stm32f1xx_hal_rcc_ex.d" -MT"Drivers/STM32F1xx_HAL_Driver/Src/stm32f1xx_hal_rcc_ex.o" --specs=nano.specs -mfloat-abi=soft -mthumb -o "Drivers/STM32F1xx_HAL_Driver/Src/stm32f1xx_hal_rcc_ex.o"
arm-none-eabi-gcc "../Drivers/STM32F1xx_HAL_Driver/Src/stm32f1xx_hal_tim.c" -mcpu=cortex-m3 -std=gnu11 -g3 -DDEBUG -DUSE_HAL_DRIVER -DSTM32F103x6 -c -I../Core/Inc -I../Drivers/STM32F1xx_HAL_Driver/Inc -I../Drivers/STM32F1xx_HAL_Driver/Inc/Legacy -I../Drivers/CMSIS/Device/ST/STM32F1xx/Include -I../Drivers/CMSIS/Include -O0 -ffunction-sections -fdata-sections -Wall -fstack-usage -MMD -MP -MF"Drivers/STM32F1xx_HAL_Driver/Src/stm32f1xx_hal_tim.d" -MT"Drivers/STM32F1xx_HAL_Driver/Src/stm32f1xx_hal_tim.o" --specs=nano.specs -mfloat-abi=soft -mthumb -o "Drivers/STM32F1xx_HAL_Driver/Src/stm32f1xx_hal_tim.o"
arm-none-eabi-gcc "../Drivers/STM32F1xx_HAL_Driver/Src/stm32f1xx_hal_tim_ex.c" -mcpu=cortex-m3 -std=gnu11 -g3 -DDEBUG -DUSE_HAL_DRIVER -DSTM32F103x6 -c -I../Core/Inc -I../Drivers/STM32F1xx_HAL_Driver/Inc -I../Drivers/STM32F1xx_HAL_Driver/Inc/Legacy -I../Drivers/CMSIS/Device/ST/STM32F1xx/Include -I../Drivers/CMSIS/Include -O0 -ffunction-sections -fdata-sections -Wall -fstack-usage -MMD -MP -MF"Drivers/STM32F1xx_HAL_Driver/Src/stm32f1xx_hal_tim_ex.d" -MT"Drivers/STM32F1xx_HAL_Driver/Src/stm32f1xx_hal_tim_ex.o" --specs=nano.specs -mfloat-abi=soft -mthumb -o "Drivers/STM32F1xx_HAL_Driver/Src/stm32f1xx_hal_tim_ex.o"
arm-none-eabi-gcc -mcpu=cortex-m3 -g3 -DDEBUG -c -x assembler-with-cpp -MMD -MP -MF"Core/Startup/startup_stm32f103c6ux.d" -MT"Core/Startup/startup_stm32f103c6ux.o" --specs=nano.specs -mfloat-abi=soft -mthumb -o "Core/Startup/startup_stm32f103c6ux.o" "../Core/Startup/startup_stm32f103c6ux.s"
arm-none-eabi-gcc "../Core/Src/main.c" -mcpu=cortex-m3 -std=gnu11 -g3 -DDEBUG -DUSE_HAL_DRIVER -DSTM32F103x6 -c -I../Core/Inc -I../Drivers/STM32F1xx_HAL_Driver/Inc -I../Drivers/STM32F1xx_HAL_Driver/Inc/Legacy -I../Drivers/CMSIS/Device/ST/STM32F1xx/Include -I../Drivers/CMSIS/Include -O0 -ffunction-sections -fdata-sections -Wall -fstack-usage -MMD -MP -MF"Core/Src/main.d" -MT"Core/Src/main.o" --specs=nano.specs -mfloat-abi=soft -mthumb -o "Core/Src/main.o"
arm-none-eabi-gcc "../Core/Src/stm32f1xx_hal_msp.c" -mcpu=cortex-m3 -std=gnu11 -g3 -DDEBUG -DUSE_HAL_DRIVER -DSTM32F103x6 -c -I../Core/Inc -I../Drivers/STM32F1xx_HAL_Driver/Inc -I../Drivers/STM32F1xx_HAL_Driver/Inc/Legacy -I../Drivers/CMSIS/Device/ST/STM32F1xx/Include -I../Drivers/CMSIS/Include -O0 -ffunction-sections -fdata-sections -Wall -fstack-usage -MMD -MP -MF"Core/Src/stm32f1xx_hal_msp.d" -MT"Core/Src/stm32f1xx_hal_msp.o" --specs=nano.specs -mfloat-abi=soft -mthumb -o "Core/Src/stm32f1xx_hal_msp.o"
arm-none-eabi-gcc "../Core/Src/stm32f1xx_it.c" -mcpu=cortex-m3 -std=gnu11 -g3 -DDEBUG -DUSE_HAL_DRIVER -DSTM32F103x6 -c -I../Core/Inc -I../Drivers/STM32F1xx_HAL_Driver/Inc -I../Drivers/STM32F1xx_HAL_Driver/Inc/Legacy -I../Drivers/CMSIS/Device/ST/STM32F1xx/Include -I../Drivers/CMSIS/Include -O0 -ffunction-sections -fdata-sections -Wall -fstack-usage -MMD -MP -MF"Core/Src/stm32f1xx_it.d" -MT"Core/Src/stm32f1xx_it.o" --specs=nano.specs -mfloat-abi=soft -mthumb -o "Core/Src/stm32f1xx_it.o"
arm-none-eabi-gcc "../Core/Src/syscalls.c" -mcpu=cortex-m3 -std=gnu11 -g3 -DDEBUG -DUSE_HAL_DRIVER -DSTM32F103x6 -c -I../Core/Inc -I../Drivers/STM32F1xx_HAL_Driver/Inc -I../Drivers/STM32F1xx_HAL_Driver/Inc/Legacy -I../Drivers/CMSIS/Device/ST/STM32F1xx/Include -I../Drivers/CMSIS/Include -O0 -ffunction-sections -fdata-sections -Wall -fstack-usage -MMD -MP -MF"Core/Src/syscalls.d" -MT"Core/Src/syscalls.o" --specs=nano.specs -mfloat-abi=soft -mthumb -o "Core/Src/syscalls.o"
arm-none-eabi-gcc "../Core/Src/sysmem.c" -mcpu=cortex-m3 -std=gnu11 -g3 -DDEBUG -DUSE_HAL_DRIVER -DSTM32F103x6 -c -I../Core/Inc -I../Drivers/STM32F1xx_HAL_Driver/Inc -I../Drivers/STM32F1xx_HAL_Driver/Inc/Legacy -I../Drivers/CMSIS/Device/ST/STM32F1xx/Include -I../Drivers/CMSIS/Include -O0 -ffunction-sections -fdata-sections -Wall -fstack-usage -MMD -MP -MF"Core/Src/sysmem.d" -MT"Core/Src/sysmem.o" --specs=nano.specs -mfloat-abi=soft -mthumb -o "Core/Src/sysmem.o"
arm-none-eabi-gcc "../Core/Src/system_stm32f1xx.c" -mcpu=cortex-m3 -std=gnu11 -g3 -DDEBUG -DUSE_HAL_DRIVER -DSTM32F103x6 -c -I../Core/Inc -I../Drivers/STM32F1xx_HAL_Driver/Inc -I../Drivers/STM32F1xx_HAL_Driver/Inc/Legacy -I../Drivers/CMSIS/Device/ST/STM32F1xx/Include -I../Drivers/CMSIS/Include -O0 -ffunction-sections -fdata-sections -Wall -fstack-usage -MMD -MP -MF"Core/Src/system_stm32f1xx.d" -MT"Core/Src/system_stm32f1xx.o" --specs=nano.specs -mfloat-abi=soft -mthumb -o "Core/Src/system_stm32f1xx.o"
arm-none-eabi-gcc "../Core/Inc/software_timer.c" -mcpu=cortex-m3 -std=gnu11 -g3 -DDEBUG -DUSE_HAL_DRIVER -DSTM32F103x6 -c -I../Core/Inc -I../Drivers/STM32F1xx_HAL_Driver/Inc -I../Drivers/STM32F1xx_HAL_Driver/Inc/Legacy -I../Drivers/CMSIS/Device/ST/STM32F1xx/Include -I../Drivers/CMSIS/Include -O0 -ffunction-sections -fdata-sections -Wall -fstack-usage -MMD -MP -MF"Core/Inc/software_timer.d" -MT"Core/Inc/software_timer.o" --specs=nano.specs -mfloat-abi=soft -mthumb -o "Core/Inc/software_timer.o"
arm-none-eabi-gcc -o "LAB2.elf" @"objects.list"   -mcpu=cortex-m3 -T"D:\HK231\VXL\LAB\LAB2\LAB2\STM32F103C6UX_FLASH.ld" --specs=nosys.specs -Wl,-Map="LAB2.map" -Wl,--gc-sections -static --specs=nano.specs -mfloat-abi=soft -mthumb -Wl,--start-group -lc -lm -Wl,--end-group
Finished building target: LAB2.elf
 
arm-none-eabi-size   LAB2.elf 
arm-none-eabi-objdump -h -S  LAB2.elf  > "LAB2.list"
arm-none-eabi-objcopy  -O ihex  LAB2.elf  "LAB2.hex"
   text	   data	    bss	    dec	    hex	filename
   7680	     20	   1652	   9352	   2488	LAB2.elf
arm-none-eabi-objcopy  -O binary  LAB2.elf  "LAB2.bin"
Finished building: default.size.stdout
 
Finished building: LAB2.hex
Finished building: LAB2.bin
Finished building: LAB2.list
 
 
 
10:55:59 **** Incremental Build of configuration Debug for project LAB2 ****
make -j12 all 
arm-none-eabi-gcc "../Drivers/STM32F1xx_HAL_Driver/Src/stm32f1xx_hal.c" -mcpu=cortex-m3 -std=gnu11 -g3 -DDEBUG -DUSE_HAL_DRIVER -DSTM32F103x6 -c -I../Core/Inc -I../Drivers/STM32F1xx_HAL_Driver/Inc -I../Drivers/STM32F1xx_HAL_Driver/Inc/Legacy -I../Drivers/CMSIS/Device/ST/STM32F1xx/Include -I../Drivers/CMSIS/Include -O0 -ffunction-sections -fdata-sections -Wall -fstack-usage -MMD -MP -MF"Drivers/STM32F1xx_HAL_Driver/Src/stm32f1xx_hal.d" -MT"Drivers/STM32F1xx_HAL_Driver/Src/stm32f1xx_hal.o" --specs=nano.specs -mfloat-abi=soft -mthumb -o "Drivers/STM32F1xx_HAL_Driver/Src/stm32f1xx_hal.o"
arm-none-eabi-gcc "../Drivers/STM32F1xx_HAL_Driver/Src/stm32f1xx_hal_cortex.c" -mcpu=cortex-m3 -std=gnu11 -g3 -DDEBUG -DUSE_HAL_DRIVER -DSTM32F103x6 -c -I../Core/Inc -I../Drivers/STM32F1xx_HAL_Driver/Inc -I../Drivers/STM32F1xx_HAL_Driver/Inc/Legacy -I../Drivers/CMSIS/Device/ST/STM32F1xx/Include -I../Drivers/CMSIS/Include -O0 -ffunction-sections -fdata-sections -Wall -fstack-usage -MMD -MP -MF"Drivers/STM32F1xx_HAL_Driver/Src/stm32f1xx_hal_cortex.d" -MT"Drivers/STM32F1xx_HAL_Driver/Src/stm32f1xx_hal_cortex.o" --specs=nano.specs -mfloat-abi=soft -mthumb -o "Drivers/STM32F1xx_HAL_Driver/Src/stm32f1xx_hal_cortex.o"
arm-none-eabi-gcc "../Drivers/STM32F1xx_HAL_Driver/Src/stm32f1xx_hal_dma.c" -mcpu=cortex-m3 -std=gnu11 -g3 -DDEBUG -DUSE_HAL_DRIVER -DSTM32F103x6 -c -I../Core/Inc -I../Drivers/STM32F1xx_HAL_Driver/Inc -I../Drivers/STM32F1xx_HAL_Driver/Inc/Legacy -I../Drivers/CMSIS/Device/ST/STM32F1xx/Include -I../Drivers/CMSIS/Include -O0 -ffunction-sections -fdata-sections -Wall -fstack-usage -MMD -MP -MF"Drivers/STM32F1xx_HAL_Driver/Src/stm32f1xx_hal_dma.d" -MT"Drivers/STM32F1xx_HAL_Driver/Src/stm32f1xx_hal_dma.o" --specs=nano.specs -mfloat-abi=soft -mthumb -o "Drivers/STM32F1xx_HAL_Driver/Src/stm32f1xx_hal_dma.o"
arm-none-eabi-gcc "../Drivers/STM32F1xx_HAL_Driver/Src/stm32f1xx_hal_exti.c" -mcpu=cortex-m3 -std=gnu11 -g3 -DDEBUG -DUSE_HAL_DRIVER -DSTM32F103x6 -c -I../Core/Inc -I../Drivers/STM32F1xx_HAL_Driver/Inc -I../Drivers/STM32F1xx_HAL_Driver/Inc/Legacy -I../Drivers/CMSIS/Device/ST/STM32F1xx/Include -I../Drivers/CMSIS/Include -O0 -ffunction-sections -fdata-sections -Wall -fstack-usage -MMD -MP -MF"Drivers/STM32F1xx_HAL_Driver/Src/stm32f1xx_hal_exti.d" -MT"Drivers/STM32F1xx_HAL_Driver/Src/stm32f1xx_hal_exti.o" --specs=nano.specs -mfloat-abi=soft -mthumb -o "Drivers/STM32F1xx_HAL_Driver/Src/stm32f1xx_hal_exti.o"
arm-none-eabi-gcc "../Drivers/STM32F1xx_HAL_Driver/Src/stm32f1xx_hal_flash.c" -mcpu=cortex-m3 -std=gnu11 -g3 -DDEBUG -DUSE_HAL_DRIVER -DSTM32F103x6 -c -I../Core/Inc -I../Drivers/STM32F1xx_HAL_Driver/Inc -I../Drivers/STM32F1xx_HAL_Driver/Inc/Legacy -I../Drivers/CMSIS/Device/ST/STM32F1xx/Include -I../Drivers/CMSIS/Include -O0 -ffunction-sections -fdata-sections -Wall -fstack-usage -MMD -MP -MF"Drivers/STM32F1xx_HAL_Driver/Src/stm32f1xx_hal_flash.d" -MT"Drivers/STM32F1xx_HAL_Driver/Src/stm32f1xx_hal_flash.o" --specs=nano.specs -mfloat-abi=soft -mthumb -o "Drivers/STM32F1xx_HAL_Driver/Src/stm32f1xx_hal_flash.o"
arm-none-eabi-gcc "../Drivers/STM32F1xx_HAL_Driver/Src/stm32f1xx_hal_flash_ex.c" -mcpu=cortex-m3 -std=gnu11 -g3 -DDEBUG -DUSE_HAL_DRIVER -DSTM32F103x6 -c -I../Core/Inc -I../Drivers/STM32F1xx_HAL_Driver/Inc -I../Drivers/STM32F1xx_HAL_Driver/Inc/Legacy -I../Drivers/CMSIS/Device/ST/STM32F1xx/Include -I../Drivers/CMSIS/Include -O0 -ffunction-sections -fdata-sections -Wall -fstack-usage -MMD -MP -MF"Drivers/STM32F1xx_HAL_Driver/Src/stm32f1xx_hal_flash_ex.d" -MT"Drivers/STM32F1xx_HAL_Driver/Src/stm32f1xx_hal_flash_ex.o" --specs=nano.specs -mfloat-abi=soft -mthumb -o "Drivers/STM32F1xx_HAL_Driver/Src/stm32f1xx_hal_flash_ex.o"
arm-none-eabi-gcc "../Drivers/STM32F1xx_HAL_Driver/Src/stm32f1xx_hal_gpio.c" -mcpu=cortex-m3 -std=gnu11 -g3 -DDEBUG -DUSE_HAL_DRIVER -DSTM32F103x6 -c -I../Core/Inc -I../Drivers/STM32F1xx_HAL_Driver/Inc -I../Drivers/STM32F1xx_HAL_Driver/Inc/Legacy -I../Drivers/CMSIS/Device/ST/STM32F1xx/Include -I../Drivers/CMSIS/Include -O0 -ffunction-sections -fdata-sections -Wall -fstack-usage -MMD -MP -MF"Drivers/STM32F1xx_HAL_Driver/Src/stm32f1xx_hal_gpio.d" -MT"Drivers/STM32F1xx_HAL_Driver/Src/stm32f1xx_hal_gpio.o" --specs=nano.specs -mfloat-abi=soft -mthumb -o "Drivers/STM32F1xx_HAL_Driver/Src/stm32f1xx_hal_gpio.o"
arm-none-eabi-gcc "../Drivers/STM32F1xx_HAL_Driver/Src/stm32f1xx_hal_gpio_ex.c" -mcpu=cortex-m3 -std=gnu11 -g3 -DDEBUG -DUSE_HAL_DRIVER -DSTM32F103x6 -c -I../Core/Inc -I../Drivers/STM32F1xx_HAL_Driver/Inc -I../Drivers/STM32F1xx_HAL_Driver/Inc/Legacy -I../Drivers/CMSIS/Device/ST/STM32F1xx/Include -I../Drivers/CMSIS/Include -O0 -ffunction-sections -fdata-sections -Wall -fstack-usage -MMD -MP -MF"Drivers/STM32F1xx_HAL_Driver/Src/stm32f1xx_hal_gpio_ex.d" -MT"Drivers/STM32F1xx_HAL_Driver/Src/stm32f1xx_hal_gpio_ex.o" --specs=nano.specs -mfloat-abi=soft -mthumb -o "Drivers/STM32F1xx_HAL_Driver/Src/stm32f1xx_hal_gpio_ex.o"
arm-none-eabi-gcc "../Drivers/STM32F1xx_HAL_Driver/Src/stm32f1xx_hal_pwr.c" -mcpu=cortex-m3 -std=gnu11 -g3 -DDEBUG -DUSE_HAL_DRIVER -DSTM32F103x6 -c -I../Core/Inc -I../Drivers/STM32F1xx_HAL_Driver/Inc -I../Drivers/STM32F1xx_HAL_Driver/Inc/Legacy -I../Drivers/CMSIS/Device/ST/STM32F1xx/Include -I../Drivers/CMSIS/Include -O0 -ffunction-sections -fdata-sections -Wall -fstack-usage -MMD -MP -MF"Drivers/STM32F1xx_HAL_Driver/Src/stm32f1xx_hal_pwr.d" -MT"Drivers/STM32F1xx_HAL_Driver/Src/stm32f1xx_hal_pwr.o" --specs=nano.specs -mfloat-abi=soft -mthumb -o "Drivers/STM32F1xx_HAL_Driver/Src/stm32f1xx_hal_pwr.o"
arm-none-eabi-gcc "../Drivers/STM32F1xx_HAL_Driver/Src/stm32f1xx_hal_rcc.c" -mcpu=cortex-m3 -std=gnu11 -g3 -DDEBUG -DUSE_HAL_DRIVER -DSTM32F103x6 -c -I../Core/Inc -I../Drivers/STM32F1xx_HAL_Driver/Inc -I../Drivers/STM32F1xx_HAL_Driver/Inc/Legacy -I../Drivers/CMSIS/Device/ST/STM32F1xx/Include -I../Drivers/CMSIS/Include -O0 -ffunction-sections -fdata-sections -Wall -fstack-usage -MMD -MP -MF"Drivers/STM32F1xx_HAL_Driver/Src/stm32f1xx_hal_rcc.d" -MT"Drivers/STM32F1xx_HAL_Driver/Src/stm32f1xx_hal_rcc.o" --specs=nano.specs -mfloat-abi=soft -mthumb -o "Drivers/STM32F1xx_HAL_Driver/Src/stm32f1xx_hal_rcc.o"
arm-none-eabi-gcc "../Drivers/STM32F1xx_HAL_Driver/Src/stm32f1xx_hal_rcc_ex.c" -mcpu=cortex-m3 -std=gnu11 -g3 -DDEBUG -DUSE_HAL_DRIVER -DSTM32F103x6 -c -I../Core/Inc -I../Drivers/STM32F1xx_HAL_Driver/Inc -I../Drivers/STM32F1xx_HAL_Driver/Inc/Legacy -I../Drivers/CMSIS/Device/ST/STM32F1xx/Include -I../Drivers/CMSIS/Include -O0 -ffunction-sections -fdata-sections -Wall -fstack-usage -MMD -MP -MF"Drivers/STM32F1xx_HAL_Driver/Src/stm32f1xx_hal_rcc_ex.d" -MT"Drivers/STM32F1xx_HAL_Driver/Src/stm32f1xx_hal_rcc_ex.o" --specs=nano.specs -mfloat-abi=soft -mthumb -o "Drivers/STM32F1xx_HAL_Driver/Src/stm32f1xx_hal_rcc_ex.o"
arm-none-eabi-gcc "../Drivers/STM32F1xx_HAL_Driver/Src/stm32f1xx_hal_tim.c" -mcpu=cortex-m3 -std=gnu11 -g3 -DDEBUG -DUSE_HAL_DRIVER -DSTM32F103x6 -c -I../Core/Inc -I../Drivers/STM32F1xx_HAL_Driver/Inc -I../Drivers/STM32F1xx_HAL_Driver/Inc/Legacy -I../Drivers/CMSIS/Device/ST/STM32F1xx/Include -I../Drivers/CMSIS/Include -O0 -ffunction-sections -fdata-sections -Wall -fstack-usage -MMD -MP -MF"Drivers/STM32F1xx_HAL_Driver/Src/stm32f1xx_hal_tim.d" -MT"Drivers/STM32F1xx_HAL_Driver/Src/stm32f1xx_hal_tim.o" --specs=nano.specs -mfloat-abi=soft -mthumb -o "Drivers/STM32F1xx_HAL_Driver/Src/stm32f1xx_hal_tim.o"
arm-none-eabi-gcc "../Drivers/STM32F1xx_HAL_Driver/Src/stm32f1xx_hal_tim_ex.c" -mcpu=cortex-m3 -std=gnu11 -g3 -DDEBUG -DUSE_HAL_DRIVER -DSTM32F103x6 -c -I../Core/Inc -I../Drivers/STM32F1xx_HAL_Driver/Inc -I../Drivers/STM32F1xx_HAL_Driver/Inc/Legacy -I../Drivers/CMSIS/Device/ST/STM32F1xx/Include -I../Drivers/CMSIS/Include -O0 -ffunction-sections -fdata-sections -Wall -fstack-usage -MMD -MP -MF"Drivers/STM32F1xx_HAL_Driver/Src/stm32f1xx_hal_tim_ex.d" -MT"Drivers/STM32F1xx_HAL_Driver/Src/stm32f1xx_hal_tim_ex.o" --specs=nano.specs -mfloat-abi=soft -mthumb -o "Drivers/STM32F1xx_HAL_Driver/Src/stm32f1xx_hal_tim_ex.o"
arm-none-eabi-gcc "../Core/Src/main.c" -mcpu=cortex-m3 -std=gnu11 -g3 -DDEBUG -DUSE_HAL_DRIVER -DSTM32F103x6 -c -I../Core/Inc -I../Drivers/STM32F1xx_HAL_Driver/Inc -I../Drivers/STM32F1xx_HAL_Driver/Inc/Legacy -I../Drivers/CMSIS/Device/ST/STM32F1xx/Include -I../Drivers/CMSIS/Include -O0 -ffunction-sections -fdata-sections -Wall -fstack-usage -MMD -MP -MF"Core/Src/main.d" -MT"Core/Src/main.o" --specs=nano.specs -mfloat-abi=soft -mthumb -o "Core/Src/main.o"
arm-none-eabi-gcc "../Core/Src/stm32f1xx_hal_msp.c" -mcpu=cortex-m3 -std=gnu11 -g3 -DDEBUG -DUSE_HAL_DRIVER -DSTM32F103x6 -c -I../Core/Inc -I../Drivers/STM32F1xx_HAL_Driver/Inc -I../Drivers/STM32F1xx_HAL_Driver/Inc/Legacy -I../Drivers/CMSIS/Device/ST/STM32F1xx/Include -I../Drivers/CMSIS/Include -O0 -ffunction-sections -fdata-sections -Wall -fstack-usage -MMD -MP -MF"Core/Src/stm32f1xx_hal_msp.d" -MT"Core/Src/stm32f1xx_hal_msp.o" --specs=nano.specs -mfloat-abi=soft -mthumb -o "Core/Src/stm32f1xx_hal_msp.o"
arm-none-eabi-gcc "../Core/Src/stm32f1xx_it.c" -mcpu=cortex-m3 -std=gnu11 -g3 -DDEBUG -DUSE_HAL_DRIVER -DSTM32F103x6 -c -I../Core/Inc -I../Drivers/STM32F1xx_HAL_Driver/Inc -I../Drivers/STM32F1xx_HAL_Driver/Inc/Legacy -I../Drivers/CMSIS/Device/ST/STM32F1xx/Include -I../Drivers/CMSIS/Include -O0 -ffunction-sections -fdata-sections -Wall -fstack-usage -MMD -MP -MF"Core/Src/stm32f1xx_it.d" -MT"Core/Src/stm32f1xx_it.o" --specs=nano.specs -mfloat-abi=soft -mthumb -o "Core/Src/stm32f1xx_it.o"
arm-none-eabi-gcc "../Core/Src/system_stm32f1xx.c" -mcpu=cortex-m3 -std=gnu11 -g3 -DDEBUG -DUSE_HAL_DRIVER -DSTM32F103x6 -c -I../Core/Inc -I../Drivers/STM32F1xx_HAL_Driver/Inc -I../Drivers/STM32F1xx_HAL_Driver/Inc/Legacy -I../Drivers/CMSIS/Device/ST/STM32F1xx/Include -I../Drivers/CMSIS/Include -O0 -ffunction-sections -fdata-sections -Wall -fstack-usage -MMD -MP -MF"Core/Src/system_stm32f1xx.d" -MT"Core/Src/system_stm32f1xx.o" --specs=nano.specs -mfloat-abi=soft -mthumb -o "Core/Src/system_stm32f1xx.o"
arm-none-eabi-gcc "../Core/Inc/software_timer.c" -mcpu=cortex-m3 -std=gnu11 -g3 -DDEBUG -DUSE_HAL_DRIVER -DSTM32F103x6 -c -I../Core/Inc -I../Drivers/STM32F1xx_HAL_Driver/Inc -I../Drivers/STM32F1xx_HAL_Driver/Inc/Legacy -I../Drivers/CMSIS/Device/ST/STM32F1xx/Include -I../Drivers/CMSIS/Include -O0 -ffunction-sections -fdata-sections -Wall -fstack-usage -MMD -MP -MF"Core/Inc/software_timer.d" -MT"Core/Inc/software_timer.o" --specs=nano.specs -mfloat-abi=soft -mthumb -o "Core/Inc/software_timer.o"
../Core/Src/main.c: In function 'main':
../Core/Src/main.c:110:21: warning: passing argument 1 of 'update_display' makes integer from pointer without a cast [-Wint-conversion]
  110 |      update_display(&display_flag);
      |                     ^~~~~~~~~~~~~
      |                     |
      |                     int *
../Core/Src/main.c:56:25: note: expected 'int' but argument is of type 'int *'
   56 | void update_display(int display_flag);
      |                     ~~~~^~~~~~~~~~~~
arm-none-eabi-gcc -o "LAB2.elf" @"objects.list"   -mcpu=cortex-m3 -T"D:\HK231\VXL\LAB\LAB2\LAB2\STM32F103C6UX_FLASH.ld" --specs=nosys.specs -Wl,-Map="LAB2.map" -Wl,--gc-sections -static --specs=nano.specs -mfloat-abi=soft -mthumb -Wl,--start-group -lc -lm -Wl,--end-group
Finished building target: LAB2.elf
 
arm-none-eabi-size   LAB2.elf 
arm-none-eabi-objdump -h -S  LAB2.elf  > "LAB2.list"
arm-none-eabi-objcopy  -O ihex  LAB2.elf  "LAB2.hex"
   text	   data	    bss	    dec	    hex	filename
   7844	     20	   1660	   9524	   2534	LAB2.elf
arm-none-eabi-objcopy  -O binary  LAB2.elf  "LAB2.bin"
Finished building: default.size.stdout
 
Finished building: LAB2.list
 
Finished building: LAB2.bin
Finished building: LAB2.hex
 
 
10:57:30 **** Incremental Build of configuration Debug for project LAB2 ****
make -j12 all 
arm-none-eabi-gcc "../Core/Src/main.c" -mcpu=cortex-m3 -std=gnu11 -g3 -DDEBUG -DUSE_HAL_DRIVER -DSTM32F103x6 -c -I../Core/Inc -I../Drivers/STM32F1xx_HAL_Driver/Inc -I../Drivers/STM32F1xx_HAL_Driver/Inc/Legacy -I../Drivers/CMSIS/Device/ST/STM32F1xx/Include -I../Drivers/CMSIS/Include -O0 -ffunction-sections -fdata-sections -Wall -fstack-usage -MMD -MP -MF"Core/Src/main.d" -MT"Core/Src/main.o" --specs=nano.specs -mfloat-abi=soft -mthumb -o "Core/Src/main.o"
arm-none-eabi-gcc -o "LAB2.elf" @"objects.list"   -mcpu=cortex-m3 -T"D:\HK231\VXL\LAB\LAB2\LAB2\STM32F103C6UX_FLASH.ld" --specs=nosys.specs -Wl,-Map="LAB2.map" -Wl,--gc-sections -static --specs=nano.specs -mfloat-abi=soft -mthumb -Wl,--start-group -lc -lm -Wl,--end-group
Finished building target: LAB2.elf
 
arm-none-eabi-size   LAB2.elf 
arm-none-eabi-objdump -h -S  LAB2.elf  > "LAB2.list"
arm-none-eabi-objcopy  -O ihex  LAB2.elf  "LAB2.hex"
   text	   data	    bss	    dec	    hex	filename
   8064	     20	   1660	   9744	   2610	LAB2.elf
arm-none-eabi-objcopy  -O binary  LAB2.elf  "LAB2.bin"
Finished building: default.size.stdout
 
Finished building: LAB2.hex
Finished building: LAB2.bin
Finished building: LAB2.list
 
 
 
21:44:34 **** Incremental Build of configuration Debug for project LAB2 ****
make -j12 all 
arm-none-eabi-gcc "../Core/Src/main.c" -mcpu=cortex-m3 -std=gnu11 -g3 -DDEBUG -DUSE_HAL_DRIVER -DSTM32F103x6 -c -I../Core/Inc -I../Drivers/STM32F1xx_HAL_Driver/Inc -I../Drivers/STM32F1xx_HAL_Driver/Inc/Legacy -I../Drivers/CMSIS/Device/ST/STM32F1xx/Include -I../Drivers/CMSIS/Include -O0 -ffunction-sections -fdata-sections -Wall -fstack-usage -MMD -MP -MF"Core/Src/main.d" -MT"Core/Src/main.o" --specs=nano.specs -mfloat-abi=soft -mthumb -o "Core/Src/main.o"
../Core/Src/main.c: In function 'MX_GPIO_Init':
../Core/Src/main.c:238:22: error: 'ENM' undeclared (first use in this function)
  238 |   uint16_t pins[] = {ENM};
      |                      ^~~
../Core/Src/main.c:238:22: note: each undeclared identifier is reported only once for each function it appears in
../Core/Src/main.c:238:12: warning: unused variable 'pins' [-Wunused-variable]
  238 |   uint16_t pins[] = {ENM};
      |            ^~~~
make: *** [Core/Src/subdir.mk:34: Core/Src/main.o] Error 1
"make -j12 all" terminated with exit code 2. Build might be incomplete.
21:44:46 **** Incremental Build of configuration Debug for project LAB2 ****
make -j12 all 
arm-none-eabi-gcc "../Core/Src/main.c" -mcpu=cortex-m3 -std=gnu11 -g3 -DDEBUG -DUSE_HAL_DRIVER -DSTM32F103x6 -c -I../Core/Inc -I../Drivers/STM32F1xx_HAL_Driver/Inc -I../Drivers/STM32F1xx_HAL_Driver/Inc/Legacy -I../Drivers/CMSIS/Device/ST/STM32F1xx/Include -I../Drivers/CMSIS/Include -O0 -ffunction-sections -fdata-sections -Wall -fstack-usage -MMD -MP -MF"Core/Src/main.d" -MT"Core/Src/main.o" --specs=nano.specs -mfloat-abi=soft -mthumb -o "Core/Src/main.o"
../Core/Src/main.c: In function 'MX_GPIO_Init':
../Core/Src/main.c:238:12: warning: unused variable 'pins' [-Wunused-variable]
  238 |   uint16_t pins[] = {ENM0_Pin};
      |            ^~~~
arm-none-eabi-gcc -o "LAB2.elf" @"objects.list"   -mcpu=cortex-m3 -T"D:\HK231\VXL\LAB\LAB2\LAB2\STM32F103C6UX_FLASH.ld" --specs=nosys.specs -Wl,-Map="LAB2.map" -Wl,--gc-sections -static --specs=nano.specs -mfloat-abi=soft -mthumb -Wl,--start-group -lc -lm -Wl,--end-group
Finished building target: LAB2.elf
 
arm-none-eabi-size   LAB2.elf 
arm-none-eabi-objdump -h -S  LAB2.elf  > "LAB2.list"
arm-none-eabi-objcopy  -O ihex  LAB2.elf  "LAB2.hex"
   text	   data	    bss	    dec	    hex	filename
   8068	     20	   1660	   9748	   2614	LAB2.elf
arm-none-eabi-objcopy  -O binary  LAB2.elf  "LAB2.bin"
Finished building: default.size.stdout
 
Finished building: LAB2.hex
Finished building: LAB2.bin
 
 
Finished building: LAB2.list
 
21:46:24 **** Incremental Build of configuration Debug for project LAB2 ****
make -j12 all 
arm-none-eabi-gcc "../Core/Src/main.c" -mcpu=cortex-m3 -std=gnu11 -g3 -DDEBUG -DUSE_HAL_DRIVER -DSTM32F103x6 -c -I../Core/Inc -I../Drivers/STM32F1xx_HAL_Driver/Inc -I../Drivers/STM32F1xx_HAL_Driver/Inc/Legacy -I../Drivers/CMSIS/Device/ST/STM32F1xx/Include -I../Drivers/CMSIS/Include -O0 -ffunction-sections -fdata-sections -Wall -fstack-usage -MMD -MP -MF"Core/Src/main.d" -MT"Core/Src/main.o" --specs=nano.specs -mfloat-abi=soft -mthumb -o "Core/Src/main.o"
../Core/Src/main.c: In function 'MX_GPIO_Init':
../Core/Src/main.c:238:12: warning: unused variable 'col_trigger' [-Wunused-variable]
  238 |   uint16_t col_trigger[] = {ENM0_Pin, ENM1_Pin, ENM2_Pin, ENM3_Pin, ENM4_Pin, ENM5_Pin, ENM6_Pin, ENM7_Pin};
      |            ^~~~~~~~~~~
arm-none-eabi-gcc -o "LAB2.elf" @"objects.list"   -mcpu=cortex-m3 -T"D:\HK231\VXL\LAB\LAB2\LAB2\STM32F103C6UX_FLASH.ld" --specs=nosys.specs -Wl,-Map="LAB2.map" -Wl,--gc-sections -static --specs=nano.specs -mfloat-abi=soft -mthumb -Wl,--start-group -lc -lm -Wl,--end-group
Finished building target: LAB2.elf
 
arm-none-eabi-size   LAB2.elf 
arm-none-eabi-objdump -h -S  LAB2.elf  > "LAB2.list"
arm-none-eabi-objcopy  -O ihex  LAB2.elf  "LAB2.hex"
   text	   data	    bss	    dec	    hex	filename
   8096	     20	   1660	   9776	   2630	LAB2.elf
arm-none-eabi-objcopy  -O binary  LAB2.elf  "LAB2.bin"
Finished building: default.size.stdout
 
Finished building: LAB2.hex
Finished building: LAB2.bin
Finished building: LAB2.list
 
 
 
21:48:40 **** Incremental Build of configuration Debug for project LAB2 ****
make -j12 all 
arm-none-eabi-gcc "../Core/Src/main.c" -mcpu=cortex-m3 -std=gnu11 -g3 -DDEBUG -DUSE_HAL_DRIVER -DSTM32F103x6 -c -I../Core/Inc -I../Drivers/STM32F1xx_HAL_Driver/Inc -I../Drivers/STM32F1xx_HAL_Driver/Inc/Legacy -I../Drivers/CMSIS/Device/ST/STM32F1xx/Include -I../Drivers/CMSIS/Include -O0 -ffunction-sections -fdata-sections -Wall -fstack-usage -MMD -MP -MF"Core/Src/main.d" -MT"Core/Src/main.o" --specs=nano.specs -mfloat-abi=soft -mthumb -o "Core/Src/main.o"
../Core/Src/main.c: In function 'MX_GPIO_Init':
../Core/Src/main.c:238:12: warning: unused variable 'col_trigger' [-Wunused-variable]
  238 |   uint16_t col_trigger[] = {ENM0_Pin, ENM1_Pin, ENM2_Pin, ENM3_Pin, ENM4_Pin, ENM5_Pin, ENM6_Pin, ENM7_Pin};
      |            ^~~~~~~~~~~
../Core/Src/main.c: In function 'display_row':
../Core/Src/main.c:355:28: error: 'col_trigger' undeclared (first use in this function)
  355 |   HAL_GPIO_WritePin(GPIOA, col_trigger[i], data&0x80);
      |                            ^~~~~~~~~~~
../Core/Src/main.c:355:28: note: each undeclared identifier is reported only once for each function it appears in
make: *** [Core/Src/subdir.mk:34: Core/Src/main.o] Error 1
"make -j12 all" terminated with exit code 2. Build might be incomplete.
21:49:17 **** Incremental Build of configuration Debug for project LAB2 ****
make -j12 all 
arm-none-eabi-gcc "../Core/Src/main.c" -mcpu=cortex-m3 -std=gnu11 -g3 -DDEBUG -DUSE_HAL_DRIVER -DSTM32F103x6 -c -I../Core/Inc -I../Drivers/STM32F1xx_HAL_Driver/Inc -I../Drivers/STM32F1xx_HAL_Driver/Inc/Legacy -I../Drivers/CMSIS/Device/ST/STM32F1xx/Include -I../Drivers/CMSIS/Include -O0 -ffunction-sections -fdata-sections -Wall -fstack-usage -MMD -MP -MF"Core/Src/main.d" -MT"Core/Src/main.o" --specs=nano.specs -mfloat-abi=soft -mthumb -o "Core/Src/main.o"
arm-none-eabi-gcc -o "LAB2.elf" @"objects.list"   -mcpu=cortex-m3 -T"D:\HK231\VXL\LAB\LAB2\LAB2\STM32F103C6UX_FLASH.ld" --specs=nosys.specs -Wl,-Map="LAB2.map" -Wl,--gc-sections -static --specs=nano.specs -mfloat-abi=soft -mthumb -Wl,--start-group -lc -lm -Wl,--end-group
Finished building target: LAB2.elf
 
arm-none-eabi-size   LAB2.elf 
arm-none-eabi-objdump -h -S  LAB2.elf  > "LAB2.list"
arm-none-eabi-objcopy  -O ihex  LAB2.elf  "LAB2.hex"
   text	   data	    bss	    dec	    hex	filename
   8064	     20	   1660	   9744	   2610	LAB2.elf
arm-none-eabi-objcopy  -O binary  LAB2.elf  "LAB2.bin"
Finished building: default.size.stdout
 
Finished building: LAB2.hex
Finished building: LAB2.bin
Finished building: LAB2.list
 
 
 
21:51:19 **** Incremental Build of configuration Debug for project LAB2 ****
make -j12 all 
arm-none-eabi-gcc "../Core/Src/main.c" -mcpu=cortex-m3 -std=gnu11 -g3 -DDEBUG -DUSE_HAL_DRIVER -DSTM32F103x6 -c -I../Core/Inc -I../Drivers/STM32F1xx_HAL_Driver/Inc -I../Drivers/STM32F1xx_HAL_Driver/Inc/Legacy -I../Drivers/CMSIS/Device/ST/STM32F1xx/Include -I../Drivers/CMSIS/Include -O0 -ffunction-sections -fdata-sections -Wall -fstack-usage -MMD -MP -MF"Core/Src/main.d" -MT"Core/Src/main.o" --specs=nano.specs -mfloat-abi=soft -mthumb -o "Core/Src/main.o"
arm-none-eabi-gcc -o "LAB2.elf" @"objects.list"   -mcpu=cortex-m3 -T"D:\HK231\VXL\LAB\LAB2\LAB2\STM32F103C6UX_FLASH.ld" --specs=nosys.specs -Wl,-Map="LAB2.map" -Wl,--gc-sections -static --specs=nano.specs -mfloat-abi=soft -mthumb -Wl,--start-group -lc -lm -Wl,--end-group
Finished building target: LAB2.elf
 
arm-none-eabi-size   LAB2.elf 
arm-none-eabi-objdump -h -S  LAB2.elf  > "LAB2.list"
arm-none-eabi-objcopy  -O ihex  LAB2.elf  "LAB2.hex"
   text	   data	    bss	    dec	    hex	filename
   8064	     20	   1660	   9744	   2610	LAB2.elf
arm-none-eabi-objcopy  -O binary  LAB2.elf  "LAB2.bin"
Finished building: default.size.stdout
 
Finished building: LAB2.hex
Finished building: LAB2.bin
Finished building: LAB2.list
 
 
 
21:58:25 **** Incremental Build of configuration Debug for project LAB2 ****
make -j12 all 
arm-none-eabi-gcc "../Core/Src/main.c" -mcpu=cortex-m3 -std=gnu11 -g3 -DDEBUG -DUSE_HAL_DRIVER -DSTM32F103x6 -c -I../Core/Inc -I../Drivers/STM32F1xx_HAL_Driver/Inc -I../Drivers/STM32F1xx_HAL_Driver/Inc/Legacy -I../Drivers/CMSIS/Device/ST/STM32F1xx/Include -I../Drivers/CMSIS/Include -O0 -ffunction-sections -fdata-sections -Wall -fstack-usage -MMD -MP -MF"Core/Src/main.d" -MT"Core/Src/main.o" --specs=nano.specs -mfloat-abi=soft -mthumb -o "Core/Src/main.o"
../Core/Src/main.c: In function 'reset_all_row':
../Core/Src/main.c:364:3: warning: implicit declaration of function 'HAL_GPIo_WritePin'; did you mean 'HAL_GPIO_WritePin'? [-Wimplicit-function-declaration]
  364 |   HAL_GPIo_WritePin(GPIOB, row_trigger[i], GPIO_PIN_SET);
      |   ^~~~~~~~~~~~~~~~~
      |   HAL_GPIO_WritePin
arm-none-eabi-gcc -o "LAB2.elf" @"objects.list"   -mcpu=cortex-m3 -T"D:\HK231\VXL\LAB\LAB2\LAB2\STM32F103C6UX_FLASH.ld" --specs=nosys.specs -Wl,-Map="LAB2.map" -Wl,--gc-sections -static --specs=nano.specs -mfloat-abi=soft -mthumb -Wl,--start-group -lc -lm -Wl,--end-group
Finished building target: LAB2.elf
 
arm-none-eabi-size   LAB2.elf 
arm-none-eabi-objdump -h -S  LAB2.elf  > "LAB2.list"
arm-none-eabi-objcopy  -O ihex  LAB2.elf  "LAB2.hex"
   text	   data	    bss	    dec	    hex	filename
   8064	     20	   1660	   9744	   2610	LAB2.elf
arm-none-eabi-objcopy  -O binary  LAB2.elf  "LAB2.bin"
Finished building: default.size.stdout
 
Finished building: LAB2.hex
Finished building: LAB2.bin
Finished building: LAB2.list
 
 
 
21:58:40 **** Incremental Build of configuration Debug for project LAB2 ****
make -j12 all 
arm-none-eabi-gcc "../Core/Src/main.c" -mcpu=cortex-m3 -std=gnu11 -g3 -DDEBUG -DUSE_HAL_DRIVER -DSTM32F103x6 -c -I../Core/Inc -I../Drivers/STM32F1xx_HAL_Driver/Inc -I../Drivers/STM32F1xx_HAL_Driver/Inc/Legacy -I../Drivers/CMSIS/Device/ST/STM32F1xx/Include -I../Drivers/CMSIS/Include -O0 -ffunction-sections -fdata-sections -Wall -fstack-usage -MMD -MP -MF"Core/Src/main.d" -MT"Core/Src/main.o" --specs=nano.specs -mfloat-abi=soft -mthumb -o "Core/Src/main.o"
arm-none-eabi-gcc -o "LAB2.elf" @"objects.list"   -mcpu=cortex-m3 -T"D:\HK231\VXL\LAB\LAB2\LAB2\STM32F103C6UX_FLASH.ld" --specs=nosys.specs -Wl,-Map="LAB2.map" -Wl,--gc-sections -static --specs=nano.specs -mfloat-abi=soft -mthumb -Wl,--start-group -lc -lm -Wl,--end-group
Finished building target: LAB2.elf
 
arm-none-eabi-size   LAB2.elf 
arm-none-eabi-objdump -h -S  LAB2.elf  > "LAB2.list"
   text	   data	    bss	    dec	    hex	filename
   8064	     20	   1660	   9744	   2610	LAB2.elf
arm-none-eabi-objcopy  -O ihex  LAB2.elf  "LAB2.hex"
arm-none-eabi-objcopy  -O binary  LAB2.elf  "LAB2.bin"
Finished building: default.size.stdout
 
Finished building: LAB2.hex
Finished building: LAB2.list
Finished building: LAB2.bin
 
 
 
22:05:01 **** Incremental Build of configuration Debug for project LAB2 ****
make -j12 all 
arm-none-eabi-gcc "../Core/Src/main.c" -mcpu=cortex-m3 -std=gnu11 -g3 -DDEBUG -DUSE_HAL_DRIVER -DSTM32F103x6 -c -I../Core/Inc -I../Drivers/STM32F1xx_HAL_Driver/Inc -I../Drivers/STM32F1xx_HAL_Driver/Inc/Legacy -I../Drivers/CMSIS/Device/ST/STM32F1xx/Include -I../Drivers/CMSIS/Include -O0 -ffunction-sections -fdata-sections -Wall -fstack-usage -MMD -MP -MF"Core/Src/main.d" -MT"Core/Src/main.o" --specs=nano.specs -mfloat-abi=soft -mthumb -o "Core/Src/main.o"
../Core/Src/main.c: In function 'updateLEDMatrix':
../Core/Src/main.c:334:10: warning: implicit declaration of function 'reset_all_row' [-Wimplicit-function-declaration]
  334 |          reset_all_row();
      |          ^~~~~~~~~~~~~
../Core/Src/main.c:336:10: warning: implicit declaration of function 'display_row' [-Wimplicit-function-declaration]
  336 |          display_row(matrix_buffer[0]);
      |          ^~~~~~~~~~~
../Core/Src/main.c: At top level:
../Core/Src/main.c:393:6: warning: conflicting types for 'display_row'
  393 | void display_row(uint8_t data){
      |      ^~~~~~~~~~~
../Core/Src/main.c:336:10: note: previous implicit declaration of 'display_row' was here
  336 |          display_row(matrix_buffer[0]);
      |          ^~~~~~~~~~~
../Core/Src/main.c:400:6: warning: conflicting types for 'reset_all_row'
  400 | void reset_all_row(){
      |      ^~~~~~~~~~~~~
../Core/Src/main.c:334:10: note: previous implicit declaration of 'reset_all_row' was here
  334 |          reset_all_row();
      |          ^~~~~~~~~~~~~
arm-none-eabi-gcc -o "LAB2.elf" @"objects.list"   -mcpu=cortex-m3 -T"D:\HK231\VXL\LAB\LAB2\LAB2\STM32F103C6UX_FLASH.ld" --specs=nosys.specs -Wl,-Map="LAB2.map" -Wl,--gc-sections -static --specs=nano.specs -mfloat-abi=soft -mthumb -Wl,--start-group -lc -lm -Wl,--end-group
Finished building target: LAB2.elf
 
arm-none-eabi-size   LAB2.elf 
arm-none-eabi-objdump -h -S  LAB2.elf  > "LAB2.list"
   text	   data	    bss	    dec	    hex	filename
   8064	     20	   1660	   9744	   2610	LAB2.elf
arm-none-eabi-objcopy  -O ihex  LAB2.elf  "LAB2.hex"
arm-none-eabi-objcopy  -O binary  LAB2.elf  "LAB2.bin"
Finished building: default.size.stdout
 
Finished building: LAB2.hex
Finished building: LAB2.list
Finished building: LAB2.bin
 
 
 
22:06:04 **** Incremental Build of configuration Debug for project LAB2 ****
make -j12 all 
arm-none-eabi-gcc "../Core/Src/main.c" -mcpu=cortex-m3 -std=gnu11 -g3 -DDEBUG -DUSE_HAL_DRIVER -DSTM32F103x6 -c -I../Core/Inc -I../Drivers/STM32F1xx_HAL_Driver/Inc -I../Drivers/STM32F1xx_HAL_Driver/Inc/Legacy -I../Drivers/CMSIS/Device/ST/STM32F1xx/Include -I../Drivers/CMSIS/Include -O0 -ffunction-sections -fdata-sections -Wall -fstack-usage -MMD -MP -MF"Core/Src/main.d" -MT"Core/Src/main.o" --specs=nano.specs -mfloat-abi=soft -mthumb -o "Core/Src/main.o"
arm-none-eabi-gcc -o "LAB2.elf" @"objects.list"   -mcpu=cortex-m3 -T"D:\HK231\VXL\LAB\LAB2\LAB2\STM32F103C6UX_FLASH.ld" --specs=nosys.specs -Wl,-Map="LAB2.map" -Wl,--gc-sections -static --specs=nano.specs -mfloat-abi=soft -mthumb -Wl,--start-group -lc -lm -Wl,--end-group
Finished building target: LAB2.elf
 
arm-none-eabi-size   LAB2.elf 
arm-none-eabi-objdump -h -S  LAB2.elf  > "LAB2.list"
arm-none-eabi-objcopy  -O ihex  LAB2.elf  "LAB2.hex"
   text	   data	    bss	    dec	    hex	filename
   8064	     20	   1660	   9744	   2610	LAB2.elf
arm-none-eabi-objcopy  -O binary  LAB2.elf  "LAB2.bin"
Finished building: default.size.stdout
 
Finished building: LAB2.hex
Finished building: LAB2.bin
Finished building: LAB2.list
 
 
 
22:06:27 **** Incremental Build of configuration Debug for project LAB2 ****
make -j12 all 
arm-none-eabi-gcc "../Core/Src/main.c" -mcpu=cortex-m3 -std=gnu11 -g3 -DDEBUG -DUSE_HAL_DRIVER -DSTM32F103x6 -c -I../Core/Inc -I../Drivers/STM32F1xx_HAL_Driver/Inc -I../Drivers/STM32F1xx_HAL_Driver/Inc/Legacy -I../Drivers/CMSIS/Device/ST/STM32F1xx/Include -I../Drivers/CMSIS/Include -O0 -ffunction-sections -fdata-sections -Wall -fstack-usage -MMD -MP -MF"Core/Src/main.d" -MT"Core/Src/main.o" --specs=nano.specs -mfloat-abi=soft -mthumb -o "Core/Src/main.o"
arm-none-eabi-gcc -o "LAB2.elf" @"objects.list"   -mcpu=cortex-m3 -T"D:\HK231\VXL\LAB\LAB2\LAB2\STM32F103C6UX_FLASH.ld" --specs=nosys.specs -Wl,-Map="LAB2.map" -Wl,--gc-sections -static --specs=nano.specs -mfloat-abi=soft -mthumb -Wl,--start-group -lc -lm -Wl,--end-group
Finished building target: LAB2.elf
 
arm-none-eabi-size   LAB2.elf 
arm-none-eabi-objdump -h -S  LAB2.elf  > "LAB2.list"
arm-none-eabi-objcopy  -O ihex  LAB2.elf  "LAB2.hex"
   text	   data	    bss	    dec	    hex	filename
   8064	     20	   1660	   9744	   2610	LAB2.elf
arm-none-eabi-objcopy  -O binary  LAB2.elf  "LAB2.bin"
Finished building: default.size.stdout
 
Finished building: LAB2.hex
Finished building: LAB2.bin
Finished building: LAB2.list
 
 
 
22:08:13 **** Incremental Build of configuration Debug for project LAB2 ****
make -j12 all 
arm-none-eabi-gcc "../Core/Src/main.c" -mcpu=cortex-m3 -std=gnu11 -g3 -DDEBUG -DUSE_HAL_DRIVER -DSTM32F103x6 -c -I../Core/Inc -I../Drivers/STM32F1xx_HAL_Driver/Inc -I../Drivers/STM32F1xx_HAL_Driver/Inc/Legacy -I../Drivers/CMSIS/Device/ST/STM32F1xx/Include -I../Drivers/CMSIS/Include -O0 -ffunction-sections -fdata-sections -Wall -fstack-usage -MMD -MP -MF"Core/Src/main.d" -MT"Core/Src/main.o" --specs=nano.specs -mfloat-abi=soft -mthumb -o "Core/Src/main.o"
arm-none-eabi-gcc -o "LAB2.elf" @"objects.list"   -mcpu=cortex-m3 -T"D:\HK231\VXL\LAB\LAB2\LAB2\STM32F103C6UX_FLASH.ld" --specs=nosys.specs -Wl,-Map="LAB2.map" -Wl,--gc-sections -static --specs=nano.specs -mfloat-abi=soft -mthumb -Wl,--start-group -lc -lm -Wl,--end-group
Finished building target: LAB2.elf
 
arm-none-eabi-size   LAB2.elf 
arm-none-eabi-objdump -h -S  LAB2.elf  > "LAB2.list"
arm-none-eabi-objcopy  -O ihex  LAB2.elf  "LAB2.hex"
   text	   data	    bss	    dec	    hex	filename
   8596	     60	   1660	  10316	   284c	LAB2.elf
arm-none-eabi-objcopy  -O binary  LAB2.elf  "LAB2.bin"
Finished building: default.size.stdout
 
Finished building: LAB2.hex
 
Finished building: LAB2.list
Finished building: LAB2.bin
 
 
00:50:19 **** Incremental Build of configuration Debug for project LAB2 ****
make -j12 all 
arm-none-eabi-gcc "../Core/Src/main.c" -mcpu=cortex-m3 -std=gnu11 -g3 -DDEBUG -DUSE_HAL_DRIVER -DSTM32F103x6 -c -I../Core/Inc -I../Drivers/STM32F1xx_HAL_Driver/Inc -I../Drivers/STM32F1xx_HAL_Driver/Inc/Legacy -I../Drivers/CMSIS/Device/ST/STM32F1xx/Include -I../Drivers/CMSIS/Include -O0 -ffunction-sections -fdata-sections -Wall -fstack-usage -MMD -MP -MF"Core/Src/main.d" -MT"Core/Src/main.o" --specs=nano.specs -mfloat-abi=soft -mthumb -o "Core/Src/main.o"
arm-none-eabi-gcc -o "LAB2.elf" @"objects.list"   -mcpu=cortex-m3 -T"D:\HK231\VXL\LAB\LAB2\LAB2\STM32F103C6UX_FLASH.ld" --specs=nosys.specs -Wl,-Map="LAB2.map" -Wl,--gc-sections -static --specs=nano.specs -mfloat-abi=soft -mthumb -Wl,--start-group -lc -lm -Wl,--end-group
Finished building target: LAB2.elf
 
arm-none-eabi-size   LAB2.elf 
arm-none-eabi-objdump -h -S  LAB2.elf  > "LAB2.list"
arm-none-eabi-objcopy  -O ihex  LAB2.elf  "LAB2.hex"
   text	   data	    bss	    dec	    hex	filename
   8600	     60	   1660	  10320	   2850	LAB2.elf
arm-none-eabi-objcopy  -O binary  LAB2.elf  "LAB2.bin"
Finished building: default.size.stdout
 
Finished building: LAB2.bin
Finished building: LAB2.hex
 
 
Finished building: LAB2.list
 
00:55:06 **** Incremental Build of configuration Debug for project LAB2 ****
make -j12 all 
arm-none-eabi-gcc "../Core/Src/main.c" -mcpu=cortex-m3 -std=gnu11 -g3 -DDEBUG -DUSE_HAL_DRIVER -DSTM32F103x6 -c -I../Core/Inc -I../Drivers/STM32F1xx_HAL_Driver/Inc -I../Drivers/STM32F1xx_HAL_Driver/Inc/Legacy -I../Drivers/CMSIS/Device/ST/STM32F1xx/Include -I../Drivers/CMSIS/Include -O0 -ffunction-sections -fdata-sections -Wall -fstack-usage -MMD -MP -MF"Core/Src/main.d" -MT"Core/Src/main.o" --specs=nano.specs -mfloat-abi=soft -mthumb -o "Core/Src/main.o"
arm-none-eabi-gcc -o "LAB2.elf" @"objects.list"   -mcpu=cortex-m3 -T"D:\HK231\VXL\LAB\LAB2\LAB2\STM32F103C6UX_FLASH.ld" --specs=nosys.specs -Wl,-Map="LAB2.map" -Wl,--gc-sections -static --specs=nano.specs -mfloat-abi=soft -mthumb -Wl,--start-group -lc -lm -Wl,--end-group
Finished building target: LAB2.elf
 
arm-none-eabi-size   LAB2.elf 
arm-none-eabi-objdump -h -S  LAB2.elf  > "LAB2.list"
arm-none-eabi-objcopy  -O ihex  LAB2.elf  "LAB2.hex"
   text	   data	    bss	    dec	    hex	filename
   8600	     60	   1660	  10320	   2850	LAB2.elf
arm-none-eabi-objcopy  -O binary  LAB2.elf  "LAB2.bin"
Finished building: default.size.stdout
 
Finished building: LAB2.hex
Finished building: LAB2.list
Finished building: LAB2.bin
 
 
 
00:55:58 **** Incremental Build of configuration Debug for project LAB2 ****
make -j12 all 
arm-none-eabi-gcc "../Core/Src/main.c" -mcpu=cortex-m3 -std=gnu11 -g3 -DDEBUG -DUSE_HAL_DRIVER -DSTM32F103x6 -c -I../Core/Inc -I../Drivers/STM32F1xx_HAL_Driver/Inc -I../Drivers/STM32F1xx_HAL_Driver/Inc/Legacy -I../Drivers/CMSIS/Device/ST/STM32F1xx/Include -I../Drivers/CMSIS/Include -O0 -ffunction-sections -fdata-sections -Wall -fstack-usage -MMD -MP -MF"Core/Src/main.d" -MT"Core/Src/main.o" --specs=nano.specs -mfloat-abi=soft -mthumb -o "Core/Src/main.o"
arm-none-eabi-gcc -o "LAB2.elf" @"objects.list"   -mcpu=cortex-m3 -T"D:\HK231\VXL\LAB\LAB2\LAB2\STM32F103C6UX_FLASH.ld" --specs=nosys.specs -Wl,-Map="LAB2.map" -Wl,--gc-sections -static --specs=nano.specs -mfloat-abi=soft -mthumb -Wl,--start-group -lc -lm -Wl,--end-group
Finished building target: LAB2.elf
 
arm-none-eabi-size   LAB2.elf 
arm-none-eabi-objdump -h -S  LAB2.elf  > "LAB2.list"
   text	   data	    bss	    dec	    hex	filename
   8596	     60	   1660	  10316	   284c	LAB2.elf
arm-none-eabi-objcopy  -O ihex  LAB2.elf  "LAB2.hex"
Finished building: default.size.stdout
arm-none-eabi-objcopy  -O binary  LAB2.elf  "LAB2.bin"
 
Finished building: LAB2.list
Finished building: LAB2.hex
Finished building: LAB2.bin
 
 
 
01:00:35 **** Incremental Build of configuration Debug for project LAB2 ****
make -j12 all 
arm-none-eabi-gcc "../Core/Src/main.c" -mcpu=cortex-m3 -std=gnu11 -g3 -DDEBUG -DUSE_HAL_DRIVER -DSTM32F103x6 -c -I../Core/Inc -I../Drivers/STM32F1xx_HAL_Driver/Inc -I../Drivers/STM32F1xx_HAL_Driver/Inc/Legacy -I../Drivers/CMSIS/Device/ST/STM32F1xx/Include -I../Drivers/CMSIS/Include -O0 -ffunction-sections -fdata-sections -Wall -fstack-usage -MMD -MP -MF"Core/Src/main.d" -MT"Core/Src/main.o" --specs=nano.specs -mfloat-abi=soft -mthumb -o "Core/Src/main.o"
arm-none-eabi-gcc -o "LAB2.elf" @"objects.list"   -mcpu=cortex-m3 -T"D:\HK231\VXL\LAB\LAB2\LAB2\STM32F103C6UX_FLASH.ld" --specs=nosys.specs -Wl,-Map="LAB2.map" -Wl,--gc-sections -static --specs=nano.specs -mfloat-abi=soft -mthumb -Wl,--start-group -lc -lm -Wl,--end-group
Finished building target: LAB2.elf
 
arm-none-eabi-size   LAB2.elf 
arm-none-eabi-objdump -h -S  LAB2.elf  > "LAB2.list"
arm-none-eabi-objcopy  -O ihex  LAB2.elf  "LAB2.hex"
   text	   data	    bss	    dec	    hex	filename
   8596	     60	   1660	  10316	   284c	LAB2.elf
arm-none-eabi-objcopy  -O binary  LAB2.elf  "LAB2.bin"
Finished building: default.size.stdout
 
Finished building: LAB2.hex
Finished building: LAB2.bin
Finished building: LAB2.list
 
 
 
01:01:06 **** Incremental Build of configuration Debug for project LAB2 ****
make -j12 all 
arm-none-eabi-gcc "../Core/Src/main.c" -mcpu=cortex-m3 -std=gnu11 -g3 -DDEBUG -DUSE_HAL_DRIVER -DSTM32F103x6 -c -I../Core/Inc -I../Drivers/STM32F1xx_HAL_Driver/Inc -I../Drivers/STM32F1xx_HAL_Driver/Inc/Legacy -I../Drivers/CMSIS/Device/ST/STM32F1xx/Include -I../Drivers/CMSIS/Include -O0 -ffunction-sections -fdata-sections -Wall -fstack-usage -MMD -MP -MF"Core/Src/main.d" -MT"Core/Src/main.o" --specs=nano.specs -mfloat-abi=soft -mthumb -o "Core/Src/main.o"
arm-none-eabi-gcc -o "LAB2.elf" @"objects.list"   -mcpu=cortex-m3 -T"D:\HK231\VXL\LAB\LAB2\LAB2\STM32F103C6UX_FLASH.ld" --specs=nosys.specs -Wl,-Map="LAB2.map" -Wl,--gc-sections -static --specs=nano.specs -mfloat-abi=soft -mthumb -Wl,--start-group -lc -lm -Wl,--end-group
Finished building target: LAB2.elf
 
arm-none-eabi-size   LAB2.elf 
arm-none-eabi-objdump -h -S  LAB2.elf  > "LAB2.list"
   text	   data	    bss	    dec	    hex	filename
   8592	     60	   1660	  10312	   2848	LAB2.elf
arm-none-eabi-objcopy  -O ihex  LAB2.elf  "LAB2.hex"
arm-none-eabi-objcopy  -O binary  LAB2.elf  "LAB2.bin"
Finished building: default.size.stdout
 
Finished building: LAB2.hex
Finished building: LAB2.list
Finished building: LAB2.bin
 
 
 
01:05:45 **** Incremental Build of configuration Debug for project LAB2 ****
make -j12 all 
arm-none-eabi-gcc "../Core/Src/main.c" -mcpu=cortex-m3 -std=gnu11 -g3 -DDEBUG -DUSE_HAL_DRIVER -DSTM32F103x6 -c -I../Core/Inc -I../Drivers/STM32F1xx_HAL_Driver/Inc -I../Drivers/STM32F1xx_HAL_Driver/Inc/Legacy -I../Drivers/CMSIS/Device/ST/STM32F1xx/Include -I../Drivers/CMSIS/Include -O0 -ffunction-sections -fdata-sections -Wall -fstack-usage -MMD -MP -MF"Core/Src/main.d" -MT"Core/Src/main.o" --specs=nano.specs -mfloat-abi=soft -mthumb -o "Core/Src/main.o"
../Core/Src/main.c: In function 'main':
../Core/Src/main.c:102:7: warning: unused variable 'matrix_flag' [-Wunused-variable]
  102 |   int matrix_flag = 0;
      |       ^~~~~~~~~~~
arm-none-eabi-gcc -o "LAB2.elf" @"objects.list"   -mcpu=cortex-m3 -T"D:\HK231\VXL\LAB\LAB2\LAB2\STM32F103C6UX_FLASH.ld" --specs=nosys.specs -Wl,-Map="LAB2.map" -Wl,--gc-sections -static --specs=nano.specs -mfloat-abi=soft -mthumb -Wl,--start-group -lc -lm -Wl,--end-group
Finished building target: LAB2.elf
 
arm-none-eabi-size   LAB2.elf 
arm-none-eabi-objdump -h -S  LAB2.elf  > "LAB2.list"
arm-none-eabi-objcopy  -O ihex  LAB2.elf  "LAB2.hex"
   text	   data	    bss	    dec	    hex	filename
   8064	     20	   1660	   9744	   2610	LAB2.elf
arm-none-eabi-objcopy  -O binary  LAB2.elf  "LAB2.bin"
Finished building: default.size.stdout
 
Finished building: LAB2.hex
Finished building: LAB2.bin
Finished building: LAB2.list
 
 
 
01:06:15 **** Incremental Build of configuration Debug for project LAB2 ****
make -j12 all 
arm-none-eabi-gcc "../Core/Src/main.c" -mcpu=cortex-m3 -std=gnu11 -g3 -DDEBUG -DUSE_HAL_DRIVER -DSTM32F103x6 -c -I../Core/Inc -I../Drivers/STM32F1xx_HAL_Driver/Inc -I../Drivers/STM32F1xx_HAL_Driver/Inc/Legacy -I../Drivers/CMSIS/Device/ST/STM32F1xx/Include -I../Drivers/CMSIS/Include -O0 -ffunction-sections -fdata-sections -Wall -fstack-usage -MMD -MP -MF"Core/Src/main.d" -MT"Core/Src/main.o" --specs=nano.specs -mfloat-abi=soft -mthumb -o "Core/Src/main.o"
arm-none-eabi-gcc -o "LAB2.elf" @"objects.list"   -mcpu=cortex-m3 -T"D:\HK231\VXL\LAB\LAB2\LAB2\STM32F103C6UX_FLASH.ld" --specs=nosys.specs -Wl,-Map="LAB2.map" -Wl,--gc-sections -static --specs=nano.specs -mfloat-abi=soft -mthumb -Wl,--start-group -lc -lm -Wl,--end-group
Finished building target: LAB2.elf
 
arm-none-eabi-size   LAB2.elf 
arm-none-eabi-objdump -h -S  LAB2.elf  > "LAB2.list"
   text	   data	    bss	    dec	    hex	filename
   8148	     52	   1660	   9860	   2684	LAB2.elf
arm-none-eabi-objcopy  -O ihex  LAB2.elf  "LAB2.hex"
arm-none-eabi-objcopy  -O binary  LAB2.elf  "LAB2.bin"
Finished building: default.size.stdout
 
Finished building: LAB2.hex
Finished building: LAB2.list
Finished building: LAB2.bin
 
 
 
01:07:18 **** Incremental Build of configuration Debug for project LAB2 ****
make -j12 all 
arm-none-eabi-gcc "../Core/Src/main.c" -mcpu=cortex-m3 -std=gnu11 -g3 -DDEBUG -DUSE_HAL_DRIVER -DSTM32F103x6 -c -I../Core/Inc -I../Drivers/STM32F1xx_HAL_Driver/Inc -I../Drivers/STM32F1xx_HAL_Driver/Inc/Legacy -I../Drivers/CMSIS/Device/ST/STM32F1xx/Include -I../Drivers/CMSIS/Include -O0 -ffunction-sections -fdata-sections -Wall -fstack-usage -MMD -MP -MF"Core/Src/main.d" -MT"Core/Src/main.o" --specs=nano.specs -mfloat-abi=soft -mthumb -o "Core/Src/main.o"
arm-none-eabi-gcc -o "LAB2.elf" @"objects.list"   -mcpu=cortex-m3 -T"D:\HK231\VXL\LAB\LAB2\LAB2\STM32F103C6UX_FLASH.ld" --specs=nosys.specs -Wl,-Map="LAB2.map" -Wl,--gc-sections -static --specs=nano.specs -mfloat-abi=soft -mthumb -Wl,--start-group -lc -lm -Wl,--end-group
Finished building target: LAB2.elf
 
arm-none-eabi-size   LAB2.elf 
arm-none-eabi-objdump -h -S  LAB2.elf  > "LAB2.list"
arm-none-eabi-objcopy  -O ihex  LAB2.elf  "LAB2.hex"
   text	   data	    bss	    dec	    hex	filename
   8148	     52	   1660	   9860	   2684	LAB2.elf
arm-none-eabi-objcopy  -O binary  LAB2.elf  "LAB2.bin"
Finished building: default.size.stdout
 
Finished building: LAB2.hex
Finished building: LAB2.bin
Finished building: LAB2.list
 
 
 
01:08:16 **** Incremental Build of configuration Debug for project LAB2 ****
make -j12 all 
arm-none-eabi-gcc "../Core/Src/main.c" -mcpu=cortex-m3 -std=gnu11 -g3 -DDEBUG -DUSE_HAL_DRIVER -DSTM32F103x6 -c -I../Core/Inc -I../Drivers/STM32F1xx_HAL_Driver/Inc -I../Drivers/STM32F1xx_HAL_Driver/Inc/Legacy -I../Drivers/CMSIS/Device/ST/STM32F1xx/Include -I../Drivers/CMSIS/Include -O0 -ffunction-sections -fdata-sections -Wall -fstack-usage -MMD -MP -MF"Core/Src/main.d" -MT"Core/Src/main.o" --specs=nano.specs -mfloat-abi=soft -mthumb -o "Core/Src/main.o"
arm-none-eabi-gcc -o "LAB2.elf" @"objects.list"   -mcpu=cortex-m3 -T"D:\HK231\VXL\LAB\LAB2\LAB2\STM32F103C6UX_FLASH.ld" --specs=nosys.specs -Wl,-Map="LAB2.map" -Wl,--gc-sections -static --specs=nano.specs -mfloat-abi=soft -mthumb -Wl,--start-group -lc -lm -Wl,--end-group
Finished building target: LAB2.elf
 
arm-none-eabi-size   LAB2.elf 
arm-none-eabi-objdump -h -S  LAB2.elf  > "LAB2.list"
   text	   data	    bss	    dec	    hex	filename
   8148	     52	   1660	   9860	   2684	LAB2.elf
arm-none-eabi-objcopy  -O ihex  LAB2.elf  "LAB2.hex"
arm-none-eabi-objcopy  -O binary  LAB2.elf  "LAB2.bin"
Finished building: default.size.stdout
 
Finished building: LAB2.hex
Finished building: LAB2.list
 
Finished building: LAB2.bin
 
 
01:08:45 **** Incremental Build of configuration Debug for project LAB2 ****
make -j12 all 
arm-none-eabi-gcc "../Core/Src/main.c" -mcpu=cortex-m3 -std=gnu11 -g3 -DDEBUG -DUSE_HAL_DRIVER -DSTM32F103x6 -c -I../Core/Inc -I../Drivers/STM32F1xx_HAL_Driver/Inc -I../Drivers/STM32F1xx_HAL_Driver/Inc/Legacy -I../Drivers/CMSIS/Device/ST/STM32F1xx/Include -I../Drivers/CMSIS/Include -O0 -ffunction-sections -fdata-sections -Wall -fstack-usage -MMD -MP -MF"Core/Src/main.d" -MT"Core/Src/main.o" --specs=nano.specs -mfloat-abi=soft -mthumb -o "Core/Src/main.o"
arm-none-eabi-gcc -o "LAB2.elf" @"objects.list"   -mcpu=cortex-m3 -T"D:\HK231\VXL\LAB\LAB2\LAB2\STM32F103C6UX_FLASH.ld" --specs=nosys.specs -Wl,-Map="LAB2.map" -Wl,--gc-sections -static --specs=nano.specs -mfloat-abi=soft -mthumb -Wl,--start-group -lc -lm -Wl,--end-group
Finished building target: LAB2.elf
 
arm-none-eabi-size   LAB2.elf 
arm-none-eabi-objdump -h -S  LAB2.elf  > "LAB2.list"
   text	   data	    bss	    dec	    hex	filename
   8148	     52	   1660	   9860	   2684	LAB2.elf
arm-none-eabi-objcopy  -O ihex  LAB2.elf  "LAB2.hex"
arm-none-eabi-objcopy  -O binary  LAB2.elf  "LAB2.bin"
Finished building: default.size.stdout
 
Finished building: LAB2.hex
Finished building: LAB2.list
Finished building: LAB2.bin
 
 
 
01:11:07 **** Incremental Build of configuration Debug for project LAB2 ****
make -j12 all 
arm-none-eabi-gcc "../Core/Src/main.c" -mcpu=cortex-m3 -std=gnu11 -g3 -DDEBUG -DUSE_HAL_DRIVER -DSTM32F103x6 -c -I../Core/Inc -I../Drivers/STM32F1xx_HAL_Driver/Inc -I../Drivers/STM32F1xx_HAL_Driver/Inc/Legacy -I../Drivers/CMSIS/Device/ST/STM32F1xx/Include -I../Drivers/CMSIS/Include -O0 -ffunction-sections -fdata-sections -Wall -fstack-usage -MMD -MP -MF"Core/Src/main.d" -MT"Core/Src/main.o" --specs=nano.specs -mfloat-abi=soft -mthumb -o "Core/Src/main.o"
arm-none-eabi-gcc -o "LAB2.elf" @"objects.list"   -mcpu=cortex-m3 -T"D:\HK231\VXL\LAB\LAB2\LAB2\STM32F103C6UX_FLASH.ld" --specs=nosys.specs -Wl,-Map="LAB2.map" -Wl,--gc-sections -static --specs=nano.specs -mfloat-abi=soft -mthumb -Wl,--start-group -lc -lm -Wl,--end-group
Finished building target: LAB2.elf
 
arm-none-eabi-size   LAB2.elf 
arm-none-eabi-objdump -h -S  LAB2.elf  > "LAB2.list"
arm-none-eabi-objcopy  -O ihex  LAB2.elf  "LAB2.hex"
   text	   data	    bss	    dec	    hex	filename
   8084	     20	   1660	   9764	   2624	LAB2.elf
arm-none-eabi-objcopy  -O binary  LAB2.elf  "LAB2.bin"
Finished building: default.size.stdout
 
Finished building: LAB2.hex
Finished building: LAB2.list
Finished building: LAB2.bin
 
 
 
01:11:26 **** Incremental Build of configuration Debug for project LAB2 ****
make -j12 all 
arm-none-eabi-gcc "../Core/Src/main.c" -mcpu=cortex-m3 -std=gnu11 -g3 -DDEBUG -DUSE_HAL_DRIVER -DSTM32F103x6 -c -I../Core/Inc -I../Drivers/STM32F1xx_HAL_Driver/Inc -I../Drivers/STM32F1xx_HAL_Driver/Inc/Legacy -I../Drivers/CMSIS/Device/ST/STM32F1xx/Include -I../Drivers/CMSIS/Include -O0 -ffunction-sections -fdata-sections -Wall -fstack-usage -MMD -MP -MF"Core/Src/main.d" -MT"Core/Src/main.o" --specs=nano.specs -mfloat-abi=soft -mthumb -o "Core/Src/main.o"
arm-none-eabi-gcc -o "LAB2.elf" @"objects.list"   -mcpu=cortex-m3 -T"D:\HK231\VXL\LAB\LAB2\LAB2\STM32F103C6UX_FLASH.ld" --specs=nosys.specs -Wl,-Map="LAB2.map" -Wl,--gc-sections -static --specs=nano.specs -mfloat-abi=soft -mthumb -Wl,--start-group -lc -lm -Wl,--end-group
Finished building target: LAB2.elf
 
arm-none-eabi-size   LAB2.elf 
arm-none-eabi-objdump -h -S  LAB2.elf  > "LAB2.list"
   text	   data	    bss	    dec	    hex	filename
   8084	     20	   1660	   9764	   2624	LAB2.elf
arm-none-eabi-objcopy  -O ihex  LAB2.elf  "LAB2.hex"
arm-none-eabi-objcopy  -O binary  LAB2.elf  "LAB2.bin"
Finished building: default.size.stdout
 
Finished building: LAB2.hex
Finished building: LAB2.list
Finished building: LAB2.bin
 
 
 
01:16:32 **** Incremental Build of configuration Debug for project LAB2 ****
make -j12 all 
arm-none-eabi-gcc "../Core/Src/main.c" -mcpu=cortex-m3 -std=gnu11 -g3 -DDEBUG -DUSE_HAL_DRIVER -DSTM32F103x6 -c -I../Core/Inc -I../Drivers/STM32F1xx_HAL_Driver/Inc -I../Drivers/STM32F1xx_HAL_Driver/Inc/Legacy -I../Drivers/CMSIS/Device/ST/STM32F1xx/Include -I../Drivers/CMSIS/Include -O0 -ffunction-sections -fdata-sections -Wall -fstack-usage -MMD -MP -MF"Core/Src/main.d" -MT"Core/Src/main.o" --specs=nano.specs -mfloat-abi=soft -mthumb -o "Core/Src/main.o"
arm-none-eabi-gcc -o "LAB2.elf" @"objects.list"   -mcpu=cortex-m3 -T"D:\HK231\VXL\LAB\LAB2\LAB2\STM32F103C6UX_FLASH.ld" --specs=nosys.specs -Wl,-Map="LAB2.map" -Wl,--gc-sections -static --specs=nano.specs -mfloat-abi=soft -mthumb -Wl,--start-group -lc -lm -Wl,--end-group
Finished building target: LAB2.elf
 
arm-none-eabi-size   LAB2.elf 
arm-none-eabi-objdump -h -S  LAB2.elf  > "LAB2.list"
arm-none-eabi-objcopy  -O ihex  LAB2.elf  "LAB2.hex"
   text	   data	    bss	    dec	    hex	filename
   8084	     20	   1660	   9764	   2624	LAB2.elf
arm-none-eabi-objcopy  -O binary  LAB2.elf  "LAB2.bin"
Finished building: default.size.stdout
 
Finished building: LAB2.hex
Finished building: LAB2.list
Finished building: LAB2.bin
 
 
 
01:16:56 **** Incremental Build of configuration Debug for project LAB2 ****
make -j12 all 
arm-none-eabi-gcc "../Core/Src/main.c" -mcpu=cortex-m3 -std=gnu11 -g3 -DDEBUG -DUSE_HAL_DRIVER -DSTM32F103x6 -c -I../Core/Inc -I../Drivers/STM32F1xx_HAL_Driver/Inc -I../Drivers/STM32F1xx_HAL_Driver/Inc/Legacy -I../Drivers/CMSIS/Device/ST/STM32F1xx/Include -I../Drivers/CMSIS/Include -O0 -ffunction-sections -fdata-sections -Wall -fstack-usage -MMD -MP -MF"Core/Src/main.d" -MT"Core/Src/main.o" --specs=nano.specs -mfloat-abi=soft -mthumb -o "Core/Src/main.o"
arm-none-eabi-gcc -o "LAB2.elf" @"objects.list"   -mcpu=cortex-m3 -T"D:\HK231\VXL\LAB\LAB2\LAB2\STM32F103C6UX_FLASH.ld" --specs=nosys.specs -Wl,-Map="LAB2.map" -Wl,--gc-sections -static --specs=nano.specs -mfloat-abi=soft -mthumb -Wl,--start-group -lc -lm -Wl,--end-group
Finished building target: LAB2.elf
 
arm-none-eabi-size   LAB2.elf 
arm-none-eabi-objdump -h -S  LAB2.elf  > "LAB2.list"
   text	   data	    bss	    dec	    hex	filename
   8084	     20	   1660	   9764	   2624	LAB2.elf
arm-none-eabi-objcopy  -O ihex  LAB2.elf  "LAB2.hex"
arm-none-eabi-objcopy  -O binary  LAB2.elf  "LAB2.bin"
Finished building: default.size.stdout
 
Finished building: LAB2.hex
Finished building: LAB2.list
Finished building: LAB2.bin
 
 
 
01:22:51 **** Incremental Build of configuration Debug for project LAB2 ****
make -j12 all 
arm-none-eabi-size   LAB2.elf 
   text	   data	    bss	    dec	    hex	filename
   8084	     20	   1660	   9764	   2624	LAB2.elf
Finished building: default.size.stdout
 
01:23:17 **** Incremental Build of configuration Debug for project LAB2 ****
make -j12 all 
arm-none-eabi-gcc "../Core/Src/main.c" -mcpu=cortex-m3 -std=gnu11 -g3 -DDEBUG -DUSE_HAL_DRIVER -DSTM32F103x6 -c -I../Core/Inc -I../Drivers/STM32F1xx_HAL_Driver/Inc -I../Drivers/STM32F1xx_HAL_Driver/Inc/Legacy -I../Drivers/CMSIS/Device/ST/STM32F1xx/Include -I../Drivers/CMSIS/Include -O0 -ffunction-sections -fdata-sections -Wall -fstack-usage -MMD -MP -MF"Core/Src/main.d" -MT"Core/Src/main.o" --specs=nano.specs -mfloat-abi=soft -mthumb -o "Core/Src/main.o"
arm-none-eabi-gcc -o "LAB2.elf" @"objects.list"   -mcpu=cortex-m3 -T"D:\HK231\VXL\LAB\LAB2\LAB2\STM32F103C6UX_FLASH.ld" --specs=nosys.specs -Wl,-Map="LAB2.map" -Wl,--gc-sections -static --specs=nano.specs -mfloat-abi=soft -mthumb -Wl,--start-group -lc -lm -Wl,--end-group
Finished building target: LAB2.elf
 
arm-none-eabi-size   LAB2.elf 
arm-none-eabi-objdump -h -S  LAB2.elf  > "LAB2.list"
   text	   data	    bss	    dec	    hex	filename
   8084	     20	   1660	   9764	   2624	LAB2.elf
arm-none-eabi-objcopy  -O ihex  LAB2.elf  "LAB2.hex"
arm-none-eabi-objcopy  -O binary  LAB2.elf  "LAB2.bin"
Finished building: default.size.stdout
 
Finished building: LAB2.hex
Finished building: LAB2.bin
Finished building: LAB2.list
 
 
 
01:27:34 **** Incremental Build of configuration Debug for project LAB2 ****
make -j12 all 
arm-none-eabi-gcc "../Core/Src/main.c" -mcpu=cortex-m3 -std=gnu11 -g3 -DDEBUG -DUSE_HAL_DRIVER -DSTM32F103x6 -c -I../Core/Inc -I../Drivers/STM32F1xx_HAL_Driver/Inc -I../Drivers/STM32F1xx_HAL_Driver/Inc/Legacy -I../Drivers/CMSIS/Device/ST/STM32F1xx/Include -I../Drivers/CMSIS/Include -O0 -ffunction-sections -fdata-sections -Wall -fstack-usage -MMD -MP -MF"Core/Src/main.d" -MT"Core/Src/main.o" --specs=nano.specs -mfloat-abi=soft -mthumb -o "Core/Src/main.o"
arm-none-eabi-gcc -o "LAB2.elf" @"objects.list"   -mcpu=cortex-m3 -T"D:\HK231\VXL\LAB\LAB2\LAB2\STM32F103C6UX_FLASH.ld" --specs=nosys.specs -Wl,-Map="LAB2.map" -Wl,--gc-sections -static --specs=nano.specs -mfloat-abi=soft -mthumb -Wl,--start-group -lc -lm -Wl,--end-group
Finished building target: LAB2.elf
 
arm-none-eabi-size   LAB2.elf 
arm-none-eabi-objdump -h -S  LAB2.elf  > "LAB2.list"
arm-none-eabi-objcopy  -O ihex  LAB2.elf  "LAB2.hex"
   text	   data	    bss	    dec	    hex	filename
   8084	     20	   1660	   9764	   2624	LAB2.elf
arm-none-eabi-objcopy  -O binary  LAB2.elf  "LAB2.bin"
Finished building: default.size.stdout
 
Finished building: LAB2.hex
Finished building: LAB2.bin
Finished building: LAB2.list
 
 
 
01:34:46 **** Incremental Build of configuration Debug for project LAB2 ****
make -j12 all 
arm-none-eabi-gcc "../Core/Src/main.c" -mcpu=cortex-m3 -std=gnu11 -g3 -DDEBUG -DUSE_HAL_DRIVER -DSTM32F103x6 -c -I../Core/Inc -I../Drivers/STM32F1xx_HAL_Driver/Inc -I../Drivers/STM32F1xx_HAL_Driver/Inc/Legacy -I../Drivers/CMSIS/Device/ST/STM32F1xx/Include -I../Drivers/CMSIS/Include -O0 -ffunction-sections -fdata-sections -Wall -fstack-usage -MMD -MP -MF"Core/Src/main.d" -MT"Core/Src/main.o" --specs=nano.specs -mfloat-abi=soft -mthumb -o "Core/Src/main.o"
arm-none-eabi-gcc -o "LAB2.elf" @"objects.list"   -mcpu=cortex-m3 -T"D:\HK231\VXL\LAB\LAB2\LAB2\STM32F103C6UX_FLASH.ld" --specs=nosys.specs -Wl,-Map="LAB2.map" -Wl,--gc-sections -static --specs=nano.specs -mfloat-abi=soft -mthumb -Wl,--start-group -lc -lm -Wl,--end-group
Finished building target: LAB2.elf
 
arm-none-eabi-size   LAB2.elf 
arm-none-eabi-objdump -h -S  LAB2.elf  > "LAB2.list"
arm-none-eabi-objcopy  -O ihex  LAB2.elf  "LAB2.hex"
   text	   data	    bss	    dec	    hex	filename
   8084	     20	   1660	   9764	   2624	LAB2.elf
arm-none-eabi-objcopy  -O binary  LAB2.elf  "LAB2.bin"
Finished building: default.size.stdout
 
Finished building: LAB2.hex
Finished building: LAB2.bin
Finished building: LAB2.list
 
 
 
02:03:34 **** Incremental Build of configuration Debug for project LAB2 ****
make -j12 all 
arm-none-eabi-gcc "../Core/Src/main.c" -mcpu=cortex-m3 -std=gnu11 -g3 -DDEBUG -DUSE_HAL_DRIVER -DSTM32F103x6 -c -I../Core/Inc -I../Drivers/STM32F1xx_HAL_Driver/Inc -I../Drivers/STM32F1xx_HAL_Driver/Inc/Legacy -I../Drivers/CMSIS/Device/ST/STM32F1xx/Include -I../Drivers/CMSIS/Include -O0 -ffunction-sections -fdata-sections -Wall -fstack-usage -MMD -MP -MF"Core/Src/main.d" -MT"Core/Src/main.o" --specs=nano.specs -mfloat-abi=soft -mthumb -o "Core/Src/main.o"
arm-none-eabi-gcc -o "LAB2.elf" @"objects.list"   -mcpu=cortex-m3 -T"D:\HK231\VXL\LAB\LAB2\LAB2\STM32F103C6UX_FLASH.ld" --specs=nosys.specs -Wl,-Map="LAB2.map" -Wl,--gc-sections -static --specs=nano.specs -mfloat-abi=soft -mthumb -Wl,--start-group -lc -lm -Wl,--end-group
Finished building target: LAB2.elf
 
arm-none-eabi-size   LAB2.elf 
arm-none-eabi-objdump -h -S  LAB2.elf  > "LAB2.list"
arm-none-eabi-objcopy  -O ihex  LAB2.elf  "LAB2.hex"
   text	   data	    bss	    dec	    hex	filename
   8084	     20	   1660	   9764	   2624	LAB2.elf
arm-none-eabi-objcopy  -O binary  LAB2.elf  "LAB2.bin"
Finished building: default.size.stdout
 
Finished building: LAB2.hex
Finished building: LAB2.bin
Finished building: LAB2.list
 
 
 
02:05:23 **** Incremental Build of configuration Debug for project LAB2 ****
make -j12 all 
arm-none-eabi-gcc "../Core/Src/main.c" -mcpu=cortex-m3 -std=gnu11 -g3 -DDEBUG -DUSE_HAL_DRIVER -DSTM32F103x6 -c -I../Core/Inc -I../Drivers/STM32F1xx_HAL_Driver/Inc -I../Drivers/STM32F1xx_HAL_Driver/Inc/Legacy -I../Drivers/CMSIS/Device/ST/STM32F1xx/Include -I../Drivers/CMSIS/Include -O0 -ffunction-sections -fdata-sections -Wall -fstack-usage -MMD -MP -MF"Core/Src/main.d" -MT"Core/Src/main.o" --specs=nano.specs -mfloat-abi=soft -mthumb -o "Core/Src/main.o"
arm-none-eabi-gcc -o "LAB2.elf" @"objects.list"   -mcpu=cortex-m3 -T"D:\HK231\VXL\LAB\LAB2\LAB2\STM32F103C6UX_FLASH.ld" --specs=nosys.specs -Wl,-Map="LAB2.map" -Wl,--gc-sections -static --specs=nano.specs -mfloat-abi=soft -mthumb -Wl,--start-group -lc -lm -Wl,--end-group
Finished building target: LAB2.elf
 
arm-none-eabi-size   LAB2.elf 
arm-none-eabi-objdump -h -S  LAB2.elf  > "LAB2.list"
arm-none-eabi-objcopy  -O ihex  LAB2.elf  "LAB2.hex"
   text	   data	    bss	    dec	    hex	filename
   8084	     20	   1660	   9764	   2624	LAB2.elf
arm-none-eabi-objcopy  -O binary  LAB2.elf  "LAB2.bin"
Finished building: default.size.stdout
 
Finished building: LAB2.hex
Finished building: LAB2.bin
Finished building: LAB2.list
 
 
 
02:06:50 **** Incremental Build of configuration Debug for project LAB2 ****
make -j12 all 
arm-none-eabi-gcc "../Core/Src/main.c" -mcpu=cortex-m3 -std=gnu11 -g3 -DDEBUG -DUSE_HAL_DRIVER -DSTM32F103x6 -c -I../Core/Inc -I../Drivers/STM32F1xx_HAL_Driver/Inc -I../Drivers/STM32F1xx_HAL_Driver/Inc/Legacy -I../Drivers/CMSIS/Device/ST/STM32F1xx/Include -I../Drivers/CMSIS/Include -O0 -ffunction-sections -fdata-sections -Wall -fstack-usage -MMD -MP -MF"Core/Src/main.d" -MT"Core/Src/main.o" --specs=nano.specs -mfloat-abi=soft -mthumb -o "Core/Src/main.o"
arm-none-eabi-gcc -o "LAB2.elf" @"objects.list"   -mcpu=cortex-m3 -T"D:\HK231\VXL\LAB\LAB2\LAB2\STM32F103C6UX_FLASH.ld" --specs=nosys.specs -Wl,-Map="LAB2.map" -Wl,--gc-sections -static --specs=nano.specs -mfloat-abi=soft -mthumb -Wl,--start-group -lc -lm -Wl,--end-group
Finished building target: LAB2.elf
 
arm-none-eabi-size   LAB2.elf 
arm-none-eabi-objdump -h -S  LAB2.elf  > "LAB2.list"
arm-none-eabi-objcopy  -O ihex  LAB2.elf  "LAB2.hex"
   text	   data	    bss	    dec	    hex	filename
   8084	     20	   1660	   9764	   2624	LAB2.elf
arm-none-eabi-objcopy  -O binary  LAB2.elf  "LAB2.bin"
Finished building: default.size.stdout
 
Finished building: LAB2.hex
Finished building: LAB2.bin
Finished building: LAB2.list
 
 
 
02:15:02 **** Incremental Build of configuration Debug for project LAB2 ****
make -j12 all 
arm-none-eabi-gcc "../Core/Src/main.c" -mcpu=cortex-m3 -std=gnu11 -g3 -DDEBUG -DUSE_HAL_DRIVER -DSTM32F103x6 -c -I../Core/Inc -I../Drivers/STM32F1xx_HAL_Driver/Inc -I../Drivers/STM32F1xx_HAL_Driver/Inc/Legacy -I../Drivers/CMSIS/Device/ST/STM32F1xx/Include -I../Drivers/CMSIS/Include -O0 -ffunction-sections -fdata-sections -Wall -fstack-usage -MMD -MP -MF"Core/Src/main.d" -MT"Core/Src/main.o" --specs=nano.specs -mfloat-abi=soft -mthumb -o "Core/Src/main.o"
arm-none-eabi-gcc -o "LAB2.elf" @"objects.list"   -mcpu=cortex-m3 -T"D:\HK231\VXL\LAB\LAB2\LAB2\STM32F103C6UX_FLASH.ld" --specs=nosys.specs -Wl,-Map="LAB2.map" -Wl,--gc-sections -static --specs=nano.specs -mfloat-abi=soft -mthumb -Wl,--start-group -lc -lm -Wl,--end-group
Finished building target: LAB2.elf
 
arm-none-eabi-size   LAB2.elf 
arm-none-eabi-objdump -h -S  LAB2.elf  > "LAB2.list"
arm-none-eabi-objcopy  -O ihex  LAB2.elf  "LAB2.hex"
   text	   data	    bss	    dec	    hex	filename
   8084	     20	   1660	   9764	   2624	LAB2.elf
arm-none-eabi-objcopy  -O binary  LAB2.elf  "LAB2.bin"
Finished building: default.size.stdout
 
Finished building: LAB2.hex
Finished building: LAB2.bin
Finished building: LAB2.list
 
 
 
02:15:35 **** Incremental Build of configuration Debug for project LAB2 ****
make -j12 all 
arm-none-eabi-gcc "../Core/Src/main.c" -mcpu=cortex-m3 -std=gnu11 -g3 -DDEBUG -DUSE_HAL_DRIVER -DSTM32F103x6 -c -I../Core/Inc -I../Drivers/STM32F1xx_HAL_Driver/Inc -I../Drivers/STM32F1xx_HAL_Driver/Inc/Legacy -I../Drivers/CMSIS/Device/ST/STM32F1xx/Include -I../Drivers/CMSIS/Include -O0 -ffunction-sections -fdata-sections -Wall -fstack-usage -MMD -MP -MF"Core/Src/main.d" -MT"Core/Src/main.o" --specs=nano.specs -mfloat-abi=soft -mthumb -o "Core/Src/main.o"
arm-none-eabi-gcc -o "LAB2.elf" @"objects.list"   -mcpu=cortex-m3 -T"D:\HK231\VXL\LAB\LAB2\LAB2\STM32F103C6UX_FLASH.ld" --specs=nosys.specs -Wl,-Map="LAB2.map" -Wl,--gc-sections -static --specs=nano.specs -mfloat-abi=soft -mthumb -Wl,--start-group -lc -lm -Wl,--end-group
Finished building target: LAB2.elf
 
arm-none-eabi-size   LAB2.elf 
arm-none-eabi-objdump -h -S  LAB2.elf  > "LAB2.list"
   text	   data	    bss	    dec	    hex	filename
   8084	     20	   1660	   9764	   2624	LAB2.elf
arm-none-eabi-objcopy  -O ihex  LAB2.elf  "LAB2.hex"
arm-none-eabi-objcopy  -O binary  LAB2.elf  "LAB2.bin"
Finished building: default.size.stdout
 
Finished building: LAB2.hex
Finished building: LAB2.list
Finished building: LAB2.bin
 
 
 
02:28:35 **** Incremental Build of configuration Debug for project LAB2 ****
make -j12 all 
arm-none-eabi-gcc "../Core/Src/main.c" -mcpu=cortex-m3 -std=gnu11 -g3 -DDEBUG -DUSE_HAL_DRIVER -DSTM32F103x6 -c -I../Core/Inc -I../Drivers/STM32F1xx_HAL_Driver/Inc -I../Drivers/STM32F1xx_HAL_Driver/Inc/Legacy -I../Drivers/CMSIS/Device/ST/STM32F1xx/Include -I../Drivers/CMSIS/Include -O0 -ffunction-sections -fdata-sections -Wall -fstack-usage -MMD -MP -MF"Core/Src/main.d" -MT"Core/Src/main.o" --specs=nano.specs -mfloat-abi=soft -mthumb -o "Core/Src/main.o"
arm-none-eabi-gcc -o "LAB2.elf" @"objects.list"   -mcpu=cortex-m3 -T"D:\HK231\VXL\LAB\LAB2\LAB2\STM32F103C6UX_FLASH.ld" --specs=nosys.specs -Wl,-Map="LAB2.map" -Wl,--gc-sections -static --specs=nano.specs -mfloat-abi=soft -mthumb -Wl,--start-group -lc -lm -Wl,--end-group
Finished building target: LAB2.elf
 
arm-none-eabi-size   LAB2.elf 
arm-none-eabi-objdump -h -S  LAB2.elf  > "LAB2.list"
arm-none-eabi-objcopy  -O ihex  LAB2.elf  "LAB2.hex"
   text	   data	    bss	    dec	    hex	filename
   8084	     20	   1660	   9764	   2624	LAB2.elf
arm-none-eabi-objcopy  -O binary  LAB2.elf  "LAB2.bin"
Finished building: default.size.stdout
 
Finished building: LAB2.hex
Finished building: LAB2.list
Finished building: LAB2.bin
 
 
 
02:42:02 **** Incremental Build of configuration Debug for project LAB2 ****
make -j12 all 
arm-none-eabi-gcc "../Core/Src/main.c" -mcpu=cortex-m3 -std=gnu11 -g3 -DDEBUG -DUSE_HAL_DRIVER -DSTM32F103x6 -c -I../Core/Inc -I../Drivers/STM32F1xx_HAL_Driver/Inc -I../Drivers/STM32F1xx_HAL_Driver/Inc/Legacy -I../Drivers/CMSIS/Device/ST/STM32F1xx/Include -I../Drivers/CMSIS/Include -O0 -ffunction-sections -fdata-sections -Wall -fstack-usage -MMD -MP -MF"Core/Src/main.d" -MT"Core/Src/main.o" --specs=nano.specs -mfloat-abi=soft -mthumb -o "Core/Src/main.o"
arm-none-eabi-gcc -o "LAB2.elf" @"objects.list"   -mcpu=cortex-m3 -T"D:\HK231\VXL\LAB\LAB2\LAB2\STM32F103C6UX_FLASH.ld" --specs=nosys.specs -Wl,-Map="LAB2.map" -Wl,--gc-sections -static --specs=nano.specs -mfloat-abi=soft -mthumb -Wl,--start-group -lc -lm -Wl,--end-group
Finished building target: LAB2.elf
 
arm-none-eabi-size   LAB2.elf 
arm-none-eabi-objdump -h -S  LAB2.elf  > "LAB2.list"
arm-none-eabi-objcopy  -O ihex  LAB2.elf  "LAB2.hex"
   text	   data	    bss	    dec	    hex	filename
   8592	     60	   1660	  10312	   2848	LAB2.elf
arm-none-eabi-objcopy  -O binary  LAB2.elf  "LAB2.bin"
Finished building: default.size.stdout
 
Finished building: LAB2.hex
Finished building: LAB2.list
Finished building: LAB2.bin
 
 
 
02:44:30 **** Incremental Build of configuration Debug for project LAB2 ****
make -j12 all 
arm-none-eabi-gcc "../Core/Src/main.c" -mcpu=cortex-m3 -std=gnu11 -g3 -DDEBUG -DUSE_HAL_DRIVER -DSTM32F103x6 -c -I../Core/Inc -I../Drivers/STM32F1xx_HAL_Driver/Inc -I../Drivers/STM32F1xx_HAL_Driver/Inc/Legacy -I../Drivers/CMSIS/Device/ST/STM32F1xx/Include -I../Drivers/CMSIS/Include -O0 -ffunction-sections -fdata-sections -Wall -fstack-usage -MMD -MP -MF"Core/Src/main.d" -MT"Core/Src/main.o" --specs=nano.specs -mfloat-abi=soft -mthumb -o "Core/Src/main.o"
arm-none-eabi-gcc -o "LAB2.elf" @"objects.list"   -mcpu=cortex-m3 -T"D:\HK231\VXL\LAB\LAB2\LAB2\STM32F103C6UX_FLASH.ld" --specs=nosys.specs -Wl,-Map="LAB2.map" -Wl,--gc-sections -static --specs=nano.specs -mfloat-abi=soft -mthumb -Wl,--start-group -lc -lm -Wl,--end-group
Finished building target: LAB2.elf
 
arm-none-eabi-size   LAB2.elf 
arm-none-eabi-objdump -h -S  LAB2.elf  > "LAB2.list"
arm-none-eabi-objcopy  -O ihex  LAB2.elf  "LAB2.hex"
   text	   data	    bss	    dec	    hex	filename
   8592	     60	   1660	  10312	   2848	LAB2.elf
arm-none-eabi-objcopy  -O binary  LAB2.elf  "LAB2.bin"
Finished building: default.size.stdout
 
Finished building: LAB2.hex
Finished building: LAB2.bin
Finished building: LAB2.list
 
 
 
02:49:32 **** Incremental Build of configuration Debug for project LAB2 ****
make -j12 all 
arm-none-eabi-gcc "../Core/Src/main.c" -mcpu=cortex-m3 -std=gnu11 -g3 -DDEBUG -DUSE_HAL_DRIVER -DSTM32F103x6 -c -I../Core/Inc -I../Drivers/STM32F1xx_HAL_Driver/Inc -I../Drivers/STM32F1xx_HAL_Driver/Inc/Legacy -I../Drivers/CMSIS/Device/ST/STM32F1xx/Include -I../Drivers/CMSIS/Include -O0 -ffunction-sections -fdata-sections -Wall -fstack-usage -MMD -MP -MF"Core/Src/main.d" -MT"Core/Src/main.o" --specs=nano.specs -mfloat-abi=soft -mthumb -o "Core/Src/main.o"
arm-none-eabi-gcc -o "LAB2.elf" @"objects.list"   -mcpu=cortex-m3 -T"D:\HK231\VXL\LAB\LAB2\LAB2\STM32F103C6UX_FLASH.ld" --specs=nosys.specs -Wl,-Map="LAB2.map" -Wl,--gc-sections -static --specs=nano.specs -mfloat-abi=soft -mthumb -Wl,--start-group -lc -lm -Wl,--end-group
Finished building target: LAB2.elf
 
arm-none-eabi-size   LAB2.elf 
arm-none-eabi-objdump -h -S  LAB2.elf  > "LAB2.list"
arm-none-eabi-objcopy  -O ihex  LAB2.elf  "LAB2.hex"
   text	   data	    bss	    dec	    hex	filename
   8592	     60	   1660	  10312	   2848	LAB2.elf
arm-none-eabi-objcopy  -O binary  LAB2.elf  "LAB2.bin"
Finished building: default.size.stdout
 
Finished building: LAB2.hex
Finished building: LAB2.bin
Finished building: LAB2.list
 
 
 
02:55:06 **** Incremental Build of configuration Debug for project LAB2 ****
make -j12 all 
arm-none-eabi-gcc "../Core/Src/main.c" -mcpu=cortex-m3 -std=gnu11 -g3 -DDEBUG -DUSE_HAL_DRIVER -DSTM32F103x6 -c -I../Core/Inc -I../Drivers/STM32F1xx_HAL_Driver/Inc -I../Drivers/STM32F1xx_HAL_Driver/Inc/Legacy -I../Drivers/CMSIS/Device/ST/STM32F1xx/Include -I../Drivers/CMSIS/Include -O0 -ffunction-sections -fdata-sections -Wall -fstack-usage -MMD -MP -MF"Core/Src/main.d" -MT"Core/Src/main.o" --specs=nano.specs -mfloat-abi=soft -mthumb -o "Core/Src/main.o"
arm-none-eabi-gcc -o "LAB2.elf" @"objects.list"   -mcpu=cortex-m3 -T"D:\HK231\VXL\LAB\LAB2\LAB2\STM32F103C6UX_FLASH.ld" --specs=nosys.specs -Wl,-Map="LAB2.map" -Wl,--gc-sections -static --specs=nano.specs -mfloat-abi=soft -mthumb -Wl,--start-group -lc -lm -Wl,--end-group
Finished building target: LAB2.elf
 
arm-none-eabi-size   LAB2.elf 
arm-none-eabi-objdump -h -S  LAB2.elf  > "LAB2.list"
arm-none-eabi-objcopy  -O ihex  LAB2.elf  "LAB2.hex"
   text	   data	    bss	    dec	    hex	filename
   8596	     60	   1660	  10316	   284c	LAB2.elf
arm-none-eabi-objcopy  -O binary  LAB2.elf  "LAB2.bin"
Finished building: default.size.stdout
 
Finished building: LAB2.hex
Finished building: LAB2.bin
Finished building: LAB2.list
 
 
 
02:56:15 **** Incremental Build of configuration Debug for project LAB2 ****
make -j12 all 
arm-none-eabi-gcc "../Core/Src/main.c" -mcpu=cortex-m3 -std=gnu11 -g3 -DDEBUG -DUSE_HAL_DRIVER -DSTM32F103x6 -c -I../Core/Inc -I../Drivers/STM32F1xx_HAL_Driver/Inc -I../Drivers/STM32F1xx_HAL_Driver/Inc/Legacy -I../Drivers/CMSIS/Device/ST/STM32F1xx/Include -I../Drivers/CMSIS/Include -O0 -ffunction-sections -fdata-sections -Wall -fstack-usage -MMD -MP -MF"Core/Src/main.d" -MT"Core/Src/main.o" --specs=nano.specs -mfloat-abi=soft -mthumb -o "Core/Src/main.o"
arm-none-eabi-gcc -o "LAB2.elf" @"objects.list"   -mcpu=cortex-m3 -T"D:\HK231\VXL\LAB\LAB2\LAB2\STM32F103C6UX_FLASH.ld" --specs=nosys.specs -Wl,-Map="LAB2.map" -Wl,--gc-sections -static --specs=nano.specs -mfloat-abi=soft -mthumb -Wl,--start-group -lc -lm -Wl,--end-group
Finished building target: LAB2.elf
 
arm-none-eabi-size   LAB2.elf 
arm-none-eabi-objdump -h -S  LAB2.elf  > "LAB2.list"
arm-none-eabi-objcopy  -O ihex  LAB2.elf  "LAB2.hex"
   text	   data	    bss	    dec	    hex	filename
   8592	     60	   1660	  10312	   2848	LAB2.elf
arm-none-eabi-objcopy  -O binary  LAB2.elf  "LAB2.bin"
Finished building: default.size.stdout
 
Finished building: LAB2.hex
Finished building: LAB2.list
Finished building: LAB2.bin
 
 
 
10:29:48 **** Incremental Build of configuration Debug for project LAB2 ****
make -j12 all 
arm-none-eabi-gcc "../Core/Src/main.c" -mcpu=cortex-m3 -std=gnu11 -g3 -DDEBUG -DUSE_HAL_DRIVER -DSTM32F103x6 -c -I../Core/Inc -I../Drivers/STM32F1xx_HAL_Driver/Inc -I../Drivers/STM32F1xx_HAL_Driver/Inc/Legacy -I../Drivers/CMSIS/Device/ST/STM32F1xx/Include -I../Drivers/CMSIS/Include -O0 -ffunction-sections -fdata-sections -Wall -fstack-usage -MMD -MP -MF"Core/Src/main.d" -MT"Core/Src/main.o" --specs=nano.specs -mfloat-abi=soft -mthumb -o "Core/Src/main.o"
arm-none-eabi-gcc -o "LAB2.elf" @"objects.list"   -mcpu=cortex-m3 -T"D:\HK231\VXL\LAB\LAB2\LAB2\STM32F103C6UX_FLASH.ld" --specs=nosys.specs -Wl,-Map="LAB2.map" -Wl,--gc-sections -static --specs=nano.specs -mfloat-abi=soft -mthumb -Wl,--start-group -lc -lm -Wl,--end-group
Finished building target: LAB2.elf
 
arm-none-eabi-size   LAB2.elf 
arm-none-eabi-objdump -h -S  LAB2.elf  > "LAB2.list"
arm-none-eabi-objcopy  -O ihex  LAB2.elf  "LAB2.hex"
[...]
../Core/Src/main.c: In function 'reset_buffer':
../Core/Src/main.c:449:18: warning: left-hand operand of comma expression has no effect [-Wunused-value]
  449 |  for(int i = 0; i,MAX_LED_MATRIX; i++){
      |                  ^
arm-none-eabi-gcc -o "LAB2.elf" @"objects.list"   -mcpu=cortex-m3 -T"D:\HK231\VXL\LAB\LAB2\LAB2\STM32F103C6UX_FLASH.ld" --specs=nosys.specs -Wl,-Map="LAB2.map" -Wl,--gc-sections -static --specs=nano.specs -mfloat-abi=soft -mthumb -Wl,--start-group -lc -lm -Wl,--end-group
Finished building target: LAB2.elf
 
arm-none-eabi-size   LAB2.elf 
arm-none-eabi-objdump -h -S  LAB2.elf  > "LAB2.list"
arm-none-eabi-objcopy  -O ihex  LAB2.elf  "LAB2.hex"
   text	   data	    bss	    dec	    hex	filename
   8856	     68	   1668	  10592	   2960	LAB2.elf
arm-none-eabi-objcopy  -O binary  LAB2.elf  "LAB2.bin"
Finished building: default.size.stdout
 
Finished building: LAB2.hex
Finished building: LAB2.bin
Finished building: LAB2.list
 
 
 
15:33:41 **** Incremental Build of configuration Debug for project LAB2 ****
make -j12 all 
arm-none-eabi-gcc "../Core/Src/main.c" -mcpu=cortex-m3 -std=gnu11 -g3 -DDEBUG -DUSE_HAL_DRIVER -DSTM32F103x6 -c -I../Core/Inc -I../Drivers/STM32F1xx_HAL_Driver/Inc -I../Drivers/STM32F1xx_HAL_Driver/Inc/Legacy -I../Drivers/CMSIS/Device/ST/STM32F1xx/Include -I../Drivers/CMSIS/Include -O0 -ffunction-sections -fdata-sections -Wall -fstack-usage -MMD -MP -MF"Core/Src/main.d" -MT"Core/Src/main.o" --specs=nano.specs -mfloat-abi=soft -mthumb -o "Core/Src/main.o"
arm-none-eabi-gcc -o "LAB2.elf" @"objects.list"   -mcpu=cortex-m3 -T"D:\HK231\VXL\LAB\LAB2\LAB2\STM32F103C6UX_FLASH.ld" --specs=nosys.specs -Wl,-Map="LAB2.map" -Wl,--gc-sections -static --specs=nano.specs -mfloat-abi=soft -mthumb -Wl,--start-group -lc -lm -Wl,--end-group
Finished building target: LAB2.elf
 
arm-none-eabi-size   LAB2.elf 
arm-none-eabi-objdump -h -S  LAB2.elf  > "LAB2.list"
   text	   data	    bss	    dec	    hex	filename
   8856	     68	   1668	  10592	   2960	LAB2.elf
arm-none-eabi-objcopy  -O ihex  LAB2.elf  "LAB2.hex"
arm-none-eabi-objcopy  -O binary  LAB2.elf  "LAB2.bin"
Finished building: default.size.stdout
 
Finished building: LAB2.hex
Finished building: LAB2.bin
Finished building: LAB2.list
 
 
 
14:29:20 **** Incremental Build of configuration Debug for project LAB2 ****
make -j12 all 
arm-none-eabi-gcc "../Drivers/STM32F1xx_HAL_Driver/Src/stm32f1xx_hal.c" -mcpu=cortex-m3 -std=gnu11 -g3 -DDEBUG -DUSE_HAL_DRIVER -DSTM32F103x6 -c -I../Core/Inc -I../Drivers/STM32F1xx_HAL_Driver/Inc -I../Drivers/STM32F1xx_HAL_Driver/Inc/Legacy -I../Drivers/CMSIS/Device/ST/STM32F1xx/Include -I../Drivers/CMSIS/Include -O0 -ffunction-sections -fdata-sections -Wall -fstack-usage -MMD -MP -MF"Drivers/STM32F1xx_HAL_Driver/Src/stm32f1xx_hal.d" -MT"Drivers/STM32F1xx_HAL_Driver/Src/stm32f1xx_hal.o" --specs=nano.specs -mfloat-abi=soft -mthumb -o "Drivers/STM32F1xx_HAL_Driver/Src/stm32f1xx_hal.o"
arm-none-eabi-gcc "../Drivers/STM32F1xx_HAL_Driver/Src/stm32f1xx_hal_cortex.c" -mcpu=cortex-m3 -std=gnu11 -g3 -DDEBUG -DUSE_HAL_DRIVER -DSTM32F103x6 -c -I../Core/Inc -I../Drivers/STM32F1xx_HAL_Driver/Inc -I../Drivers/STM32F1xx_HAL_Driver/Inc/Legacy -I../Drivers/CMSIS/Device/ST/STM32F1xx/Include -I../Drivers/CMSIS/Include -O0 -ffunction-sections -fdata-sections -Wall -fstack-usage -MMD -MP -MF"Drivers/STM32F1xx_HAL_Driver/Src/stm32f1xx_hal_cortex.d" -MT"Drivers/STM32F1xx_HAL_Driver/Src/stm32f1xx_hal_cortex.o" --specs=nano.specs -mfloat-abi=soft -mthumb -o "Drivers/STM32F1xx_HAL_Driver/Src/stm32f1xx_hal_cortex.o"
arm-none-eabi-gcc "../Drivers/STM32F1xx_HAL_Driver/Src/stm32f1xx_hal_dma.c" -mcpu=cortex-m3 -std=gnu11 -g3 -DDEBUG -DUSE_HAL_DRIVER -DSTM32F103x6 -c -I../Core/Inc -I../Drivers/STM32F1xx_HAL_Driver/Inc -I../Drivers/STM32F1xx_HAL_Driver/Inc/Legacy -I../Drivers/CMSIS/Device/ST/STM32F1xx/Include -I../Drivers/CMSIS/Include -O0 -ffunction-sections -fdata-sections -Wall -fstack-usage -MMD -MP -MF"Drivers/STM32F1xx_HAL_Driver/Src/stm32f1xx_hal_dma.d" -MT"Drivers/STM32F1xx_HAL_Driver/Src/stm32f1xx_hal_dma.o" --specs=nano.specs -mfloat-abi=soft -mthumb -o "Drivers/STM32F1xx_HAL_Driver/Src/stm32f1xx_hal_dma.o"
arm-none-eabi-gcc "../Drivers/STM32F1xx_HAL_Driver/Src/stm32f1xx_hal_exti.c" -mcpu=cortex-m3 -std=gnu11 -g3 -DDEBUG -DUSE_HAL_DRIVER -DSTM32F103x6 -c -I../Core/Inc -I../Drivers/STM32F1xx_HAL_Driver/Inc -I../Drivers/STM32F1xx_HAL_Driver/Inc/Legacy -I../Drivers/CMSIS/Device/ST/STM32F1xx/Include -I../Drivers/CMSIS/Include -O0 -ffunction-sections -fdata-sections -Wall -fstack-usage -MMD -MP -MF"Drivers/STM32F1xx_HAL_Driver/Src/stm32f1xx_hal_exti.d" -MT"Drivers/STM32F1xx_HAL_Driver/Src/stm32f1xx_hal_exti.o" --specs=nano.specs -mfloat-abi=soft -mthumb -o "Drivers/STM32F1xx_HAL_Driver/Src/stm32f1xx_hal_exti.o"
arm-none-eabi-gcc "../Drivers/STM32F1xx_HAL_Driver/Src/stm32f1xx_hal_flash.c" -mcpu=cortex-m3 -std=gnu11 -g3 -DDEBUG -DUSE_HAL_DRIVER -DSTM32F103x6 -c -I../Core/Inc -I../Drivers/STM32F1xx_HAL_Driver/Inc -I../Drivers/STM32F1xx_HAL_Driver/Inc/Legacy -I../Drivers/CMSIS/Device/ST/STM32F1xx/Include -I../Drivers/CMSIS/Include -O0 -ffunction-sections -fdata-sections -Wall -fstack-usage -MMD -MP -MF"Drivers/STM32F1xx_HAL_Driver/Src/stm32f1xx_hal_flash.d" -MT"Drivers/STM32F1xx_HAL_Driver/Src/stm32f1xx_hal_flash.o" --specs=nano.specs -mfloat-abi=soft -mthumb -o "Drivers/STM32F1xx_HAL_Driver/Src/stm32f1xx_hal_flash.o"
arm-none-eabi-gcc "../Drivers/STM32F1xx_HAL_Driver/Src/stm32f1xx_hal_flash_ex.c" -mcpu=cortex-m3 -std=gnu11 -g3 -DDEBUG -DUSE_HAL_DRIVER -DSTM32F103x6 -c -I../Core/Inc -I../Drivers/STM32F1xx_HAL_Driver/Inc -I../Drivers/STM32F1xx_HAL_Driver/Inc/Legacy -I../Drivers/CMSIS/Device/ST/STM32F1xx/Include -I../Drivers/CMSIS/Include -O0 -ffunction-sections -fdata-sections -Wall -fstack-usage -MMD -MP -MF"Drivers/STM32F1xx_HAL_Driver/Src/stm32f1xx_hal_flash_ex.d" -MT"Drivers/STM32F1xx_HAL_Driver/Src/stm32f1xx_hal_flash_ex.o" --specs=nano.specs -mfloat-abi=soft -mthumb -o "Drivers/STM32F1xx_HAL_Driver/Src/stm32f1xx_hal_flash_ex.o"
arm-none-eabi-gcc "../Drivers/STM32F1xx_HAL_Driver/Src/stm32f1xx_hal_gpio.c" -mcpu=cortex-m3 -std=gnu11 -g3 -DDEBUG -DUSE_HAL_DRIVER -DSTM32F103x6 -c -I../Core/Inc -I../Drivers/STM32F1xx_HAL_Driver/Inc -I../Drivers/STM32F1xx_HAL_Driver/Inc/Legacy -I../Drivers/CMSIS/Device/ST/STM32F1xx/Include -I../Drivers/CMSIS/Include -O0 -ffunction-sections -fdata-sections -Wall -fstack-usage -MMD -MP -MF"Drivers/STM32F1xx_HAL_Driver/Src/stm32f1xx_hal_gpio.d" -MT"Drivers/STM32F1xx_HAL_Driver/Src/stm32f1xx_hal_gpio.o" --specs=nano.specs -mfloat-abi=soft -mthumb -o "Drivers/STM32F1xx_HAL_Driver/Src/stm32f1xx_hal_gpio.o"
arm-none-eabi-gcc "../Drivers/STM32F1xx_HAL_Driver/Src/stm32f1xx_hal_gpio_ex.c" -mcpu=cortex-m3 -std=gnu11 -g3 -DDEBUG -DUSE_HAL_DRIVER -DSTM32F103x6 -c -I../Core/Inc -I../Drivers/STM32F1xx_HAL_Driver/Inc -I../Drivers/STM32F1xx_HAL_Driver/Inc/Legacy -I../Drivers/CMSIS/Device/ST/STM32F1xx/Include -I../Drivers/CMSIS/Include -O0 -ffunction-sections -fdata-sections -Wall -fstack-usage -MMD -MP -MF"Drivers/STM32F1xx_HAL_Driver/Src/stm32f1xx_hal_gpio_ex.d" -MT"Drivers/STM32F1xx_HAL_Driver/Src/stm32f1xx_hal_gpio_ex.o" --specs=nano.specs -mfloat-abi=soft -mthumb -o "Drivers/STM32F1xx_HAL_Driver/Src/stm32f1xx_hal_gpio_ex.o"
arm-none-eabi-gcc "../Drivers/STM32F1xx_HAL_Driver/Src/stm32f1xx_hal_pwr.c" -mcpu=cortex-m3 -std=gnu11 -g3 -DDEBUG -DUSE_HAL_DRIVER -DSTM32F103x6 -c -I../Core/Inc -I../Drivers/STM32F1xx_HAL_Driver/Inc -I../Drivers/STM32F1xx_HAL_Driver/Inc/Legacy -I../Drivers/CMSIS/Device/ST/STM32F1xx/Include -I../Drivers/CMSIS/Include -O0 -ffunction-sections -fdata-sections -Wall -fstack-usage -MMD -MP -MF"Drivers/STM32F1xx_HAL_Driver/Src/stm32f1xx_hal_pwr.d" -MT"Drivers/STM32F1xx_HAL_Driver/Src/stm32f1xx_hal_pwr.o" --specs=nano.specs -mfloat-abi=soft -mthumb -o "Drivers/STM32F1xx_HAL_Driver/Src/stm32f1xx_hal_pwr.o"
arm-none-eabi-gcc "../Drivers/STM32F1xx_HAL_Driver/Src/stm32f1xx_hal_rcc.c" -mcpu=cortex-m3 -std=gnu11 -g3 -DDEBUG -DUSE_HAL_DRIVER -DSTM32F103x6 -c -I../Core/Inc -I../Drivers/STM32F1xx_HAL_Driver/Inc -I../Drivers/STM32F1xx_HAL_Driver/Inc/Legacy -I../Drivers/CMSIS/Device/ST/STM32F1xx/Include -I../Drivers/CMSIS/Include -O0 -ffunction-sections -fdata-sections -Wall -fstack-usage -MMD -MP -MF"Drivers/STM32F1xx_HAL_Driver/Src/stm32f1xx_hal_rcc.d" -MT"Drivers/STM32F1xx_HAL_Driver/Src/stm32f1xx_hal_rcc.o" --specs=nano.specs -mfloat-abi=soft -mthumb -o "Drivers/STM32F1xx_HAL_Driver/Src/stm32f1xx_hal_rcc.o"
arm-none-eabi-gcc "../Drivers/STM32F1xx_HAL_Driver/Src/stm32f1xx_hal_rcc_ex.c" -mcpu=cortex-m3 -std=gnu11 -g3 -DDEBUG -DUSE_HAL_DRIVER -DSTM32F103x6 -c -I../Core/Inc -I../Drivers/STM32F1xx_HAL_Driver/Inc -I../Drivers/STM32F1xx_HAL_Driver/Inc/Legacy -I../Drivers/CMSIS/Device/ST/STM32F1xx/Include -I../Drivers/CMSIS/Include -O0 -ffunction-sections -fdata-sections -Wall -fstack-usage -MMD -MP -MF"Drivers/STM32F1xx_HAL_Driver/Src/stm32f1xx_hal_rcc_ex.d" -MT"Drivers/STM32F1xx_HAL_Driver/Src/stm32f1xx_hal_rcc_ex.o" --specs=nano.specs -mfloat-abi=soft -mthumb -o "Drivers/STM32F1xx_HAL_Driver/Src/stm32f1xx_hal_rcc_ex.o"
arm-none-eabi-gcc "../Drivers/STM32F1xx_HAL_Driver/Src/stm32f1xx_hal_tim.c" -mcpu=cortex-m3 -std=gnu11 -g3 -DDEBUG -DUSE_HAL_DRIVER -DSTM32F103x6 -c -I../Core/Inc -I../Drivers/STM32F1xx_HAL_Driver/Inc -I../Drivers/STM32F1xx_HAL_Driver/Inc/Legacy -I../Drivers/CMSIS/Device/ST/STM32F1xx/Include -I../Drivers/CMSIS/Include -O0 -ffunction-sections -fdata-sections -Wall -fstack-usage -MMD -MP -MF"Drivers/STM32F1xx_HAL_Driver/Src/stm32f1xx_hal_tim.d" -MT"Drivers/STM32F1xx_HAL_Driver/Src/stm32f1xx_hal_tim.o" --specs=nano.specs -mfloat-abi=soft -mthumb -o "Drivers/STM32F1xx_HAL_Driver/Src/stm32f1xx_hal_tim.o"
arm-none-eabi-gcc "../Drivers/STM32F1xx_HAL_Driver/Src/stm32f1xx_hal_tim_ex.c" -mcpu=cortex-m3 -std=gnu11 -g3 -DDEBUG -DUSE_HAL_DRIVER -DSTM32F103x6 -c -I../Core/Inc -I../Drivers/STM32F1xx_HAL_Driver/Inc -I../Drivers/STM32F1xx_HAL_Driver/Inc/Legacy -I../Drivers/CMSIS/Device/ST/STM32F1xx/Include -I../Drivers/CMSIS/Include -O0 -ffunction-sections -fdata-sections -Wall -fstack-usage -MMD -MP -MF"Drivers/STM32F1xx_HAL_Driver/Src/stm32f1xx_hal_tim_ex.d" -MT"Drivers/STM32F1xx_HAL_Driver/Src/stm32f1xx_hal_tim_ex.o" --specs=nano.specs -mfloat-abi=soft -mthumb -o "Drivers/STM32F1xx_HAL_Driver/Src/stm32f1xx_hal_tim_ex.o"
arm-none-eabi-gcc -mcpu=cortex-m3 -g3 -DDEBUG -c -x assembler-with-cpp -MMD -MP -MF"Core/Startup/startup_stm32f103c6ux.d" -MT"Core/Startup/startup_stm32f103c6ux.o" --specs=nano.specs -mfloat-abi=soft -mthumb -o "Core/Startup/startup_stm32f103c6ux.o" "../Core/Startup/startup_stm32f103c6ux.s"
arm-none-eabi-gcc "../Core/Src/main.c" -mcpu=cortex-m3 -std=gnu11 -g3 -DDEBUG -DUSE_HAL_DRIVER -DSTM32F103x6 -c -I../Core/Inc -I../Drivers/STM32F1xx_HAL_Driver/Inc -I../Drivers/STM32F1xx_HAL_Driver/Inc/Legacy -I../Drivers/CMSIS/Device/ST/STM32F1xx/Include -I../Drivers/CMSIS/Include -O0 -ffunction-sections -fdata-sections -Wall -fstack-usage -MMD -MP -MF"Core/Src/main.d" -MT"Core/Src/main.o" --specs=nano.specs -mfloat-abi=soft -mthumb -o "Core/Src/main.o"
arm-none-eabi-gcc "../Core/Src/stm32f1xx_hal_msp.c" -mcpu=cortex-m3 -std=gnu11 -g3 -DDEBUG -DUSE_HAL_DRIVER -DSTM32F103x6 -c -I../Core/Inc -I../Drivers/STM32F1xx_HAL_Driver/Inc -I../Drivers/STM32F1xx_HAL_Driver/Inc/Legacy -I../Drivers/CMSIS/Device/ST/STM32F1xx/Include -I../Drivers/CMSIS/Include -O0 -ffunction-sections -fdata-sections -Wall -fstack-usage -MMD -MP -MF"Core/Src/stm32f1xx_hal_msp.d" -MT"Core/Src/stm32f1xx_hal_msp.o" --specs=nano.specs -mfloat-abi=soft -mthumb -o "Core/Src/stm32f1xx_hal_msp.o"
arm-none-eabi-gcc "../Core/Src/stm32f1xx_it.c" -mcpu=cortex-m3 -std=gnu11 -g3 -DDEBUG -DUSE_HAL_DRIVER -DSTM32F103x6 -c -I../Core/Inc -I../Drivers/STM32F1xx_HAL_Driver/Inc -I../Drivers/STM32F1xx_HAL_Driver/Inc/Legacy -I../Drivers/CMSIS/Device/ST/STM32F1xx/Include -I../Drivers/CMSIS/Include -O0 -ffunction-sections -fdata-sections -Wall -fstack-usage -MMD -MP -MF"Core/Src/stm32f1xx_it.d" -MT"Core/Src/stm32f1xx_it.o" --specs=nano.specs -mfloat-abi=soft -mthumb -o "Core/Src/stm32f1xx_it.o"
arm-none-eabi-gcc "../Core/Src/syscalls.c" -mcpu=cortex-m3 -std=gnu11 -g3 -DDEBUG -DUSE_HAL_DRIVER -DSTM32F103x6 -c -I../Core/Inc -I../Drivers/STM32F1xx_HAL_Driver/Inc -I../Drivers/STM32F1xx_HAL_Driver/Inc/Legacy -I../Drivers/CMSIS/Device/ST/STM32F1xx/Include -I../Drivers/CMSIS/Include -O0 -ffunction-sections -fdata-sections -Wall -fstack-usage -MMD -MP -MF"Core/Src/syscalls.d" -MT"Core/Src/syscalls.o" --specs=nano.specs -mfloat-abi=soft -mthumb -o "Core/Src/syscalls.o"
arm-none-eabi-gcc "../Core/Src/sysmem.c" -mcpu=cortex-m3 -std=gnu11 -g3 -DDEBUG -DUSE_HAL_DRIVER -DSTM32F103x6 -c -I../Core/Inc -I../Drivers/STM32F1xx_HAL_Driver/Inc -I../Drivers/STM32F1xx_HAL_Driver/Inc/Legacy -I../Drivers/CMSIS/Device/ST/STM32F1xx/Include -I../Drivers/CMSIS/Include -O0 -ffunction-sections -fdata-sections -Wall -fstack-usage -MMD -MP -MF"Core/Src/sysmem.d" -MT"Core/Src/sysmem.o" --specs=nano.specs -mfloat-abi=soft -mthumb -o "Core/Src/sysmem.o"
arm-none-eabi-gcc "../Core/Src/system_stm32f1xx.c" -mcpu=cortex-m3 -std=gnu11 -g3 -DDEBUG -DUSE_HAL_DRIVER -DSTM32F103x6 -c -I../Core/Inc -I../Drivers/STM32F1xx_HAL_Driver/Inc -I../Drivers/STM32F1xx_HAL_Driver/Inc/Legacy -I../Drivers/CMSIS/Device/ST/STM32F1xx/Include -I../Drivers/CMSIS/Include -O0 -ffunction-sections -fdata-sections -Wall -fstack-usage -MMD -MP -MF"Core/Src/system_stm32f1xx.d" -MT"Core/Src/system_stm32f1xx.o" --specs=nano.specs -mfloat-abi=soft -mthumb -o "Core/Src/system_stm32f1xx.o"
arm-none-eabi-gcc "../Core/Inc/software_timer.c" -mcpu=cortex-m3 -std=gnu11 -g3 -DDEBUG -DUSE_HAL_DRIVER -DSTM32F103x6 -c -I../Core/Inc -I../Drivers/STM32F1xx_HAL_Driver/Inc -I../Drivers/STM32F1xx_HAL_Driver/Inc/Legacy -I../Drivers/CMSIS/Device/ST/STM32F1xx/Include -I../Drivers/CMSIS/Include -O0 -ffunction-sections -fdata-sections -Wall -fstack-usage -MMD -MP -MF"Core/Inc/software_timer.d" -MT"Core/Inc/software_timer.o" --specs=nano.specs -mfloat-abi=soft -mthumb -o "Core/Inc/software_timer.o"
arm-none-eabi-gcc -o "LAB2.elf" @"objects.list"   -mcpu=cortex-m3 -T"D:\HK231\VXL\LAB\LAB2\LAB2\STM32F103C6UX_FLASH.ld" --specs=nosys.specs -Wl,-Map="LAB2.map" -Wl,--gc-sections -static --specs=nano.specs -mfloat-abi=soft -mthumb -Wl,--start-group -lc -lm -Wl,--end-group
Finished building target: LAB2.elf
 
arm-none-eabi-size   LAB2.elf 
arm-none-eabi-objdump -h -S  LAB2.elf  > "LAB2.list"
arm-none-eabi-objcopy  -O ihex  LAB2.elf  "LAB2.hex"
   text	   data	    bss	    dec	    hex	filename
   9320	     84	   1668	  11072	   2b40	LAB2.elf
arm-none-eabi-objcopy  -O binary  LAB2.elf  "LAB2.bin"
Finished building: default.size.stdout
 
Finished building: LAB2.hex
Finished building: LAB2.bin
Finished building: LAB2.list
 
 
 
14:30:28 **** Incremental Build of configuration Debug for project LAB2 ****
make -j12 all 
arm-none-eabi-gcc "../Core/Src/main.c" -mcpu=cortex-m3 -std=gnu11 -g3 -DDEBUG -DUSE_HAL_DRIVER -DSTM32F103x6 -c -I../Core/Inc -I../Drivers/STM32F1xx_HAL_Driver/Inc -I../Drivers/STM32F1xx_HAL_Driver/Inc/Legacy -I../Drivers/CMSIS/Device/ST/STM32F1xx/Include -I../Drivers/CMSIS/Include -O0 -ffunction-sections -fdata-sections -Wall -fstack-usage -MMD -MP -MF"Core/Src/main.d" -MT"Core/Src/main.o" --specs=nano.specs -mfloat-abi=soft -mthumb -o "Core/Src/main.o"
arm-none-eabi-gcc -o "LAB2.elf" @"objects.list"   -mcpu=cortex-m3 -T"D:\HK231\VXL\LAB\LAB2\LAB2\STM32F103C6UX_FLASH.ld" --specs=nosys.specs -Wl,-Map="LAB2.map" -Wl,--gc-sections -static --specs=nano.specs -mfloat-abi=soft -mthumb -Wl,--start-group -lc -lm -Wl,--end-group
Finished building target: LAB2.elf
 
arm-none-eabi-size   LAB2.elf 
arm-none-eabi-objdump -h -S  LAB2.elf  > "LAB2.list"
arm-none-eabi-objcopy  -O ihex  LAB2.elf  "LAB2.hex"
   text	   data	    bss	    dec	    hex	filename
   9324	     84	   1668	  11076	   2b44	LAB2.elf
arm-none-eabi-objcopy  -O binary  LAB2.elf  "LAB2.bin"
Finished building: default.size.stdout
 
Finished building: LAB2.hex
Finished building: LAB2.bin
 
Finished building: LAB2.list
 
 
14:30:51 **** Incremental Build of configuration Debug for project LAB2 ****
make -j12 all 
arm-none-eabi-gcc "../Core/Src/main.c" -mcpu=cortex-m3 -std=gnu11 -g3 -DDEBUG -DUSE_HAL_DRIVER -DSTM32F103x6 -c -I../Core/Inc -I../Drivers/STM32F1xx_HAL_Driver/Inc -I../Drivers/STM32F1xx_HAL_Driver/Inc/Legacy -I../Drivers/CMSIS/Device/ST/STM32F1xx/Include -I../Drivers/CMSIS/Include -O0 -ffunction-sections -fdata-sections -Wall -fstack-usage -MMD -MP -MF"Core/Src/main.d" -MT"Core/Src/main.o" --specs=nano.specs -mfloat-abi=soft -mthumb -o "Core/Src/main.o"
arm-none-eabi-gcc -o "LAB2.elf" @"objects.list"   -mcpu=cortex-m3 -T"D:\HK231\VXL\LAB\LAB2\LAB2\STM32F103C6UX_FLASH.ld" --specs=nosys.specs -Wl,-Map="LAB2.map" -Wl,--gc-sections -static --specs=nano.specs -mfloat-abi=soft -mthumb -Wl,--start-group -lc -lm -Wl,--end-group
Finished building target: LAB2.elf
 
arm-none-eabi-size   LAB2.elf 
arm-none-eabi-objdump -h -S  LAB2.elf  > "LAB2.list"
   text	   data	    bss	    dec	    hex	filename
   9320	     84	   1668	  11072	   2b40	LAB2.elf
arm-none-eabi-objcopy  -O ihex  LAB2.elf  "LAB2.hex"
arm-none-eabi-objcopy  -O binary  LAB2.elf  "LAB2.bin"
Finished building: default.size.stdout
 
Finished building: LAB2.hex
Finished building: LAB2.list
Finished building: LAB2.bin
 
 
 
14:32:08 **** Incremental Build of configuration Debug for project LAB2 ****
make -j12 all 
arm-none-eabi-gcc "../Core/Src/main.c" -mcpu=cortex-m3 -std=gnu11 -g3 -DDEBUG -DUSE_HAL_DRIVER -DSTM32F103x6 -c -I../Core/Inc -I../Drivers/STM32F1xx_HAL_Driver/Inc -I../Drivers/STM32F1xx_HAL_Driver/Inc/Legacy -I../Drivers/CMSIS/Device/ST/STM32F1xx/Include -I../Drivers/CMSIS/Include -O0 -ffunction-sections -fdata-sections -Wall -fstack-usage -MMD -MP -MF"Core/Src/main.d" -MT"Core/Src/main.o" --specs=nano.specs -mfloat-abi=soft -mthumb -o "Core/Src/main.o"
arm-none-eabi-gcc -o "LAB2.elf" @"objects.list"   -mcpu=cortex-m3 -T"D:\HK231\VXL\LAB\LAB2\LAB2\STM32F103C6UX_FLASH.ld" --specs=nosys.specs -Wl,-Map="LAB2.map" -Wl,--gc-sections -static --specs=nano.specs -mfloat-abi=soft -mthumb -Wl,--start-group -lc -lm -Wl,--end-group
Finished building target: LAB2.elf
 
arm-none-eabi-size   LAB2.elf 
arm-none-eabi-objdump -h -S  LAB2.elf  > "LAB2.list"
arm-none-eabi-objcopy  -O ihex  LAB2.elf  "LAB2.hex"
   text	   data	    bss	    dec	    hex	filename
   9320	     84	   1668	  11072	   2b40	LAB2.elf
arm-none-eabi-objcopy  -O binary  LAB2.elf  "LAB2.bin"
Finished building: default.size.stdout
 
Finished building: LAB2.hex
Finished building: LAB2.bin
Finished building: LAB2.list
 
 
 
14:34:42 **** Incremental Build of configuration Debug for project LAB2 ****
make -j12 all 
arm-none-eabi-gcc "../Core/Src/main.c" -mcpu=cortex-m3 -std=gnu11 -g3 -DDEBUG -DUSE_HAL_DRIVER -DSTM32F103x6 -c -I../Core/Inc -I../Drivers/STM32F1xx_HAL_Driver/Inc -I../Drivers/STM32F1xx_HAL_Driver/Inc/Legacy -I../Drivers/CMSIS/Device/ST/STM32F1xx/Include -I../Drivers/CMSIS/Include -O0 -ffunction-sections -fdata-sections -Wall -fstack-usage -MMD -MP -MF"Core/Src/main.d" -MT"Core/Src/main.o" --specs=nano.specs -mfloat-abi=soft -mthumb -o "Core/Src/main.o"
arm-none-eabi-gcc -o "LAB2.elf" @"objects.list"   -mcpu=cortex-m3 -T"D:\HK231\VXL\LAB\LAB2\LAB2\STM32F103C6UX_FLASH.ld" --specs=nosys.specs -Wl,-Map="LAB2.map" -Wl,--gc-sections -static --specs=nano.specs -mfloat-abi=soft -mthumb -Wl,--start-group -lc -lm -Wl,--end-group
Finished building target: LAB2.elf
 
arm-none-eabi-size   LAB2.elf 
arm-none-eabi-objdump -h -S  LAB2.elf  > "LAB2.list"
arm-none-eabi-objcopy  -O ihex  LAB2.elf  "LAB2.hex"
   text	   data	    bss	    dec	    hex	filename
   9340	     68	   1684	  11092	   2b54	LAB2.elf
arm-none-eabi-objcopy  -O binary  LAB2.elf  "LAB2.bin"
Finished building: default.size.stdout
 
Finished building: LAB2.hex
Finished building: LAB2.bin
Finished building: LAB2.list
 
 
 
